******************************************************************************
            TI ARM Clang Linker PC v4.0.4                      
******************************************************************************
>> Linked Sat Jan 17 23:50:46 2026

OUTPUT FILE NAME:   <spi_peripheral_multibyte_fifo_poll_LP_MSPM0G3507_nortos_ticlang.out>
ENTRY POINT SYMBOL: "_c_int00_noargs"  address: 00002ad5


MEMORY CONFIGURATION

         name            origin    length      used     unused   attr    fill
----------------------  --------  ---------  --------  --------  ----  --------
  FLASH                 00000000   00020000  00002da8  0001d258  R  X
  SRAM                  20200000   00008000  0000022c  00007dd4  RW X
  BCR_CONFIG            41c00000   000000ff  00000000  000000ff  R   
  BSL_CONFIG            41c00100   00000080  00000000  00000080  R   


SEGMENT ALLOCATION MAP

run origin  load origin   length   init length attrs members
----------  ----------- ---------- ----------- ----- -------
00000000    00000000    00002da8   00002da8    r-x
  00000000    00000000    000000c0   000000c0    r-- .intvecs
  000000c0    000000c0    00002b50   00002b50    r-x .text
  00002c10    00002c10    00000168   00000168    r-- .rodata
  00002d78    00002d78    00000030   00000030    r-- .cinit
20200000    20200000    0000002c   00000000    rw-
  20200000    20200000    00000028   00000000    rw- .bss
  20200028    20200028    00000004   00000000    rw- .data
20207e00    20207e00    00000200   00000000    rw-
  20207e00    20207e00    00000200   00000000    rw- .stack


SECTION ALLOCATION MAP

 output                                  attributes/
section   page    origin      length       input sections
--------  ----  ----------  ----------   ----------------
.intvecs   0    00000000    000000c0     
                  00000000    000000c0     startup_mspm0g350x_ticlang.o (.intvecs)

.text      0    000000c0    00002b50     
                  000000c0    00000de4     spi_peripheral_multibyte_fifo_poll.o (.text.main)
                  00000ea4    00000644     libc.a : k_rem_pio2.c.obj (.text.__kernel_rem_pio2)
                  000014e8    000001d4            : s_cosf.c.obj (.text.cosf)
                  000016bc    000001c8            : s_sinf.c.obj (.text.sinf)
                  00001884    00000192     libclang_rt.builtins.a : adddf3.S.obj (.text.adddf3_subdf3)
                  00001a16    00000002     startup_mspm0g350x_ticlang.o (.text.Default_Handler)
                  00001a18    00000144     libc.a : s_floor.c.obj (.text.floor)
                  00001b5c    000000e4     libclang_rt.builtins.a : muldf3.S.obj (.text.__muldf3)
                  00001c40    000000d8     spi_peripheral_multibyte_fifo_poll.o (.text.lcd_draw_arc)
                  00001d18    000000d8     libc.a : s_scalbn.c.obj (.text.scalbn)
                  00001df0    000000d8     libclang_rt.builtins.a : addsf3.S.obj (.text)
                  00001ec8    000000c8     spi_peripheral_multibyte_fifo_poll.o (.text.lcd_fill_circle)
                  00001f90    000000ac     libc.a : s_cosf.c.obj (.text.__kernel_sindf)
                  0000203c    000000ac            : s_sinf.c.obj (.text.__kernel_sindf)
                  000020e8    000000a4     spi_peripheral_multibyte_fifo_poll.o (.text.lcd_write_register)
                  0000218c    000000a0     spi_peripheral_multibyte_fifo_poll.o (.text.lcd_set_window)
                  0000222c    0000009c     libc.a : s_cosf.c.obj (.text.__kernel_cosdf)
                  000022c8    0000009c            : s_sinf.c.obj (.text.__kernel_cosdf)
                  00002364    0000009a            : memcpy16.S.obj (.text:memcpy)
                  000023fe    00000002     libclang_rt.builtins.a : aeabi_div0.c.obj (.text.__aeabi_idiv0)
                  00002400    0000008c                            : mulsf3.S.obj (.text.__mulsf3)
                  0000248c    00000082                            : divsf3.S.obj (.text.__divsf3)
                  0000250e    00000002     --HOLE-- [fill = 0]
                  00002510    0000007c     libc.a : copy_decompress_lzss.c.obj (.text:decompress:lzss)
                  0000258c    00000074     libclang_rt.builtins.a : comparedf2.c.obj (.text.__gedf2)
                  00002600    00000074                            : truncdfsf2.S.obj (.text.__truncdfsf2)
                  00002674    00000068                            : comparedf2.c.obj (.text.__ledf2)
                  000026dc    00000062                            : aeabi_dcmp.S.obj (.text.__aeabi_dcmp)
                  0000273e    00000002     --HOLE-- [fill = 0]
                  00002740    00000056                            : aeabi_idivmod.S.obj (.text.__aeabi_idivmod)
                  00002796    00000002     --HOLE-- [fill = 0]
                  00002798    00000054     driverlib.a : dl_spi.o (.text.DL_SPI_fillTXFIFO8)
                  000027ec    00000054     ti_msp_dl_config.o (.text.SYSCFG_DL_GPIO_init)
                  00002840    0000004a     libclang_rt.builtins.a : fixdfsi.S.obj (.text.__fixdfsi)
                  0000288a    00000002     --HOLE-- [fill = 0]
                  0000288c    00000048     ti_msp_dl_config.o (.text.SYSCFG_DL_SPI_0_init)
                  000028d4    00000044     driverlib.a : dl_spi.o (.text.DL_SPI_init)
                  00002918    00000040     libclang_rt.builtins.a : extendsfdf2.S.obj (.text.__extendsfdf2)
                  00002958    0000003c                            : floatsisf.S.obj (.text.__floatsisf)
                  00002994    0000003c     libc.a : autoinit.c.obj (.text:__TI_auto_init_nobinit_nopinit)
                  000029d0    0000003a     libclang_rt.builtins.a : muldsi3.S.obj (.text.__muldsi3)
                  00002a0a    00000002     --HOLE-- [fill = 0]
                  00002a0c    00000038                            : fixsfsi.S.obj (.text.__fixsfsi)
                  00002a44    00000034     ti_msp_dl_config.o (.text.SYSCFG_DL_initPower)
                  00002a78    00000030     ti_msp_dl_config.o (.text.SYSCFG_DL_SYSCTL_init)
                  00002aa8    0000002c     libclang_rt.builtins.a : floatsidf.S.obj (.text.__floatsidf)
                  00002ad4    00000028     libc.a : boot_cortex_m.c.obj (.text:_c_int00_noargs)
                  00002afc    00000020     ti_msp_dl_config.o (.text.SYSCFG_DL_init)
                  00002b1c    00000016     libc.a : k_rem_pio2.c.obj (.text.OUTLINED_FUNCTION_0)
                  00002b32    00000002     --HOLE-- [fill = 0]
                  00002b34    00000010     libclang_rt.builtins.a : adddf3.S.obj (.tramp.__aeabi_dadd.1)
                  00002b44    00000016     libc.a : copy_zero_init.c.obj (.text:decompress:ZI:__TI_zero_init_nomemset)
                  00002b5a    00000012     driverlib.a : dl_spi.o (.text.DL_SPI_setClockConfig)
                  00002b6c    00000012     libc.a : copy_decompress_none.c.obj (.text:decompress:none)
                  00002b7e    00000010            : k_rem_pio2.c.obj (.text.OUTLINED_FUNCTION_2)
                  00002b8e    0000000a     driverlib.a : dl_common.o (.text.DL_Common_delayCycles)
                  00002b98    0000000a     libc.a : k_rem_pio2.c.obj (.text.OUTLINED_FUNCTION_1)
                  00002ba2    0000000a            : s_cosf.c.obj (.text.OUTLINED_FUNCTION_3)
                  00002bac    0000000a            : s_sinf.c.obj (.text.OUTLINED_FUNCTION_3)
                  00002bb6    00000002     --HOLE-- [fill = 0]
                  00002bb8    00000008            : aeabi_portable.c.obj (.text.__aeabi_errno_addr)
                  00002bc0    00000008     libclang_rt.builtins.a : aeabi_memcpy.S.obj (.text.__aeabi_memcpy)
                  00002bc8    00000006     libc.a : s_cosf.c.obj (.text.OUTLINED_FUNCTION_0)
                  00002bce    00000002     --HOLE-- [fill = 0]
                  00002bd0    00000010     libclang_rt.builtins.a : muldf3.S.obj (.tramp.__aeabi_dmul.1)
                  00002be0    00000006     libc.a : s_sinf.c.obj (.text.OUTLINED_FUNCTION_0)
                  00002be6    00000006            : s_cosf.c.obj (.text.OUTLINED_FUNCTION_1)
                  00002bec    00000006            : s_sinf.c.obj (.text.OUTLINED_FUNCTION_1)
                  00002bf2    00000006            : exit.c.obj (.text:abort)
                  00002bf8    00000004     libsysbm.a : hostexit.c.obj (.text.HOSTexit)
                  00002bfc    00000004     libc.a : s_cosf.c.obj (.text.OUTLINED_FUNCTION_2)
                  00002c00    00000004            : s_sinf.c.obj (.text.OUTLINED_FUNCTION_2)
                  00002c04    00000004     startup_mspm0g350x_ticlang.o (.text.Reset_Handler)
                  00002c08    00000004     libc.a : pre_init.c.obj (.text._system_pre_init)
                  00002c0c    00000004     --HOLE-- [fill = 0]

.cinit     0    00002d78    00000030     
                  00002d78    0000000c     (__TI_handler_table)
                  00002d84    00000008     (.cinit..bss.load) [load image, compression = zero_init]
                  00002d8c    00000007     (.cinit..data.load) [load image, compression = lzss]
                  00002d93    00000001     --HOLE-- [fill = 0]
                  00002d94    00000010     (__TI_cinit_table)
                  00002da4    00000004     --HOLE-- [fill = 0]

.rodata    0    00002c10    00000168     
                  00002c10    00000108     libc.a : k_rem_pio2.c.obj (.rodata.ipio2)
                  00002d18    00000040            : k_rem_pio2.c.obj (.rodata.PIo2)
                  00002d58    00000010            : k_rem_pio2.c.obj (.rodata.cst16)
                  00002d68    0000000a     ti_msp_dl_config.o (.rodata.gSPI_0_config)
                  00002d72    00000002     ti_msp_dl_config.o (.rodata.gSPI_0_clockConfig)
                  00002d74    00000004     --HOLE-- [fill = 0]

.init_array 
*          0    00000000    00000000     UNINITIALIZED

.binit     0    00000000    00000000     

.bss       0    20200000    00000028     UNINITIALIZED
                  20200000    00000028     (.common:gSPI_0Backup)

.data      0    20200028    00000004     UNINITIALIZED
                  20200028    00000004     libc.a : aeabi_portable.c.obj (.data.__aeabi_errno)

.stack     0    20207e00    00000200     UNINITIALIZED
                  20207e00    00000004     libc.a : boot_cortex_m.c.obj (.stack)
                  20207e04    000001fc     --HOLE--

__llvm_prf_cnts 
*          0    20200000    00000000     UNINITIALIZED

__llvm_prf_bits 
*          0    20200000    00000000     UNINITIALIZED

MODULE SUMMARY

       Module                                 code    ro data   rw data
       ------                                 ----    -------   -------
    .\
       spi_peripheral_multibyte_fifo_poll.o   4296    0         0      
       ti_msp_dl_config.o                     288     12        40     
       startup_mspm0g350x_ticlang.o           6       192       0      
    +--+--------------------------------------+-------+---------+---------+
       Total:                                 4590    204       40     
                                                                       
    D:/mspm0_files/mspm0_sdk_2_07_00_05/source/ti/driverlib/lib/ticlang/m0p/mspm0g1x0x_g3x0x/driverlib.a
       dl_spi.o                               170     0         0      
       dl_common.o                            10      0         0      
    +--+--------------------------------------+-------+---------+---------+
       Total:                                 180     0         0      
                                                                       
    D:\mspm0_files\ccs\tools\compiler\ti-cgt-armllvm_4.0.4.LTS\lib\armv6m-ti-none-eabi/c/libc.a
       k_rem_pio2.c.obj                       1652    344       0      
       s_cosf.c.obj                           822     0         0      
       s_sinf.c.obj                           810     0         0      
       s_floor.c.obj                          324     0         0      
       s_scalbn.c.obj                         216     0         0      
       memcpy16.S.obj                         154     0         0      
       copy_decompress_lzss.c.obj             124     0         0      
       autoinit.c.obj                         60      0         0      
       boot_cortex_m.c.obj                    40      0         0      
       copy_zero_init.c.obj                   22      0         0      
       copy_decompress_none.c.obj             18      0         0      
       aeabi_portable.c.obj                   8       0         4      
       exit.c.obj                             6       0         0      
       pre_init.c.obj                         4       0         0      
    +--+--------------------------------------+-------+---------+---------+
       Total:                                 4260    344       4      
                                                                       
    D:\mspm0_files\ccs\tools\compiler\ti-cgt-armllvm_4.0.4.LTS\lib\armv6m-ti-none-eabi/c/libsysbm.a
       hostexit.c.obj                         4       0         0      
    +--+--------------------------------------+-------+---------+---------+
       Total:                                 4       0         0      
                                                                       
    D:\mspm0_files\ccs\tools\compiler\ti-cgt-armllvm_4.0.4.LTS\lib\armv6m-ti-none-eabi/libclang_rt.builtins.a
       adddf3.S.obj                           418     0         0      
       muldf3.S.obj                           244     0         0      
       comparedf2.c.obj                       220     0         0      
       addsf3.S.obj                           216     0         0      
       mulsf3.S.obj                           140     0         0      
       divsf3.S.obj                           130     0         0      
       truncdfsf2.S.obj                       116     0         0      
       aeabi_dcmp.S.obj                       98      0         0      
       aeabi_idivmod.S.obj                    86      0         0      
       fixdfsi.S.obj                          74      0         0      
       extendsfdf2.S.obj                      64      0         0      
       floatsisf.S.obj                        60      0         0      
       muldsi3.S.obj                          58      0         0      
       fixsfsi.S.obj                          56      0         0      
       floatsidf.S.obj                        44      0         0      
       aeabi_memcpy.S.obj                     8       0         0      
       aeabi_div0.c.obj                       2       0         0      
    +--+--------------------------------------+-------+---------+---------+
       Total:                                 2034    0         0      
                                                                       
       Stack:                                 0       0         512    
       Linker Generated:                      0       43        0      
    +--+--------------------------------------+-------+---------+---------+
       Grand Total:                           11068   591       556    


LINKER GENERATED COPY TABLES

__TI_cinit_table @ 00002d94 records: 2, size/record: 8, table size: 16
	.bss: load addr=00002d84, load size=00000008 bytes, run addr=20200000, run size=00000028 bytes, compression=zero_init
	.data: load addr=00002d8c, load size=00000007 bytes, run addr=20200028, run size=00000004 bytes, compression=lzss


LINKER GENERATED HANDLER TABLE

__TI_handler_table @ 00002d78 records: 3, size/record: 4, table size: 12
	index: 0, handler: __TI_decompress_lzss
	index: 1, handler: __TI_decompress_none
	index: 2, handler: __TI_zero_init


FAR CALL TRAMPOLINES

callee name               trampoline name
   callee addr  tramp addr   call addr  call info
--------------  -----------  ---------  ----------------
__aeabi_dadd              $Tramp$TT$L$PI$$__aeabi_dadd
   0000188f     00002b34     00002b30   libc.a : k_rem_pio2.c.obj (.text.OUTLINED_FUNCTION_0)
                             00002ba0          : k_rem_pio2.c.obj (.text.OUTLINED_FUNCTION_1)
                             00002baa          : s_cosf.c.obj (.text.OUTLINED_FUNCTION_3)
                             00002bb4          : s_sinf.c.obj (.text.OUTLINED_FUNCTION_3)
__aeabi_dmul              $Tramp$TT$L$PI$$__aeabi_dmul
   00001b5d     00002bd0     00002bcc   libc.a : s_cosf.c.obj (.text.OUTLINED_FUNCTION_0)
                             00002be4          : s_sinf.c.obj (.text.OUTLINED_FUNCTION_0)
                             00002bea          : s_cosf.c.obj (.text.OUTLINED_FUNCTION_1)
                             00002bf0          : s_sinf.c.obj (.text.OUTLINED_FUNCTION_1)

[2 trampolines]
[8 trampoline calls]


GLOBAL SYMBOLS: SORTED ALPHABETICALLY BY Name 

address   name                          
-------   ----                          
00001a17  ADC0_IRQHandler               
00001a17  ADC1_IRQHandler               
00001a17  AES_IRQHandler                
00002bf8  C$$EXIT                       
00001a17  CANFD0_IRQHandler             
00001a17  DAC0_IRQHandler               
00002b8f  DL_Common_delayCycles         
00002799  DL_SPI_fillTXFIFO8            
000028d5  DL_SPI_init                   
00002b5b  DL_SPI_setClockConfig         
00001a17  DMA_IRQHandler                
00001a17  Default_Handler               
00001a17  GROUP0_IRQHandler             
00001a17  GROUP1_IRQHandler             
00002bf9  HOSTexit                      
00001a17  HardFault_Handler             
00001a17  I2C0_IRQHandler               
00001a17  I2C1_IRQHandler               
00001a17  NMI_Handler                   
00001a17  PendSV_Handler                
00001a17  RTC_IRQHandler                
00002c05  Reset_Handler                 
00001a17  SPI0_IRQHandler               
00001a17  SPI1_IRQHandler               
00001a17  SVC_Handler                   
000027ed  SYSCFG_DL_GPIO_init           
0000288d  SYSCFG_DL_SPI_0_init          
00002a79  SYSCFG_DL_SYSCTL_init         
00002afd  SYSCFG_DL_init                
00002a45  SYSCFG_DL_initPower           
00001a17  SysTick_Handler               
00001a17  TIMA0_IRQHandler              
00001a17  TIMA1_IRQHandler              
00001a17  TIMG0_IRQHandler              
00001a17  TIMG12_IRQHandler             
00001a17  TIMG6_IRQHandler              
00001a17  TIMG7_IRQHandler              
00001a17  TIMG8_IRQHandler              
00001a17  UART0_IRQHandler              
00001a17  UART1_IRQHandler              
00001a17  UART2_IRQHandler              
00001a17  UART3_IRQHandler              
20208000  __STACK_END                   
00000200  __STACK_SIZE                  
00000000  __TI_ATRegion0_region_sz      
00000000  __TI_ATRegion0_src_addr       
00000000  __TI_ATRegion0_trg_addr       
00000000  __TI_ATRegion1_region_sz      
00000000  __TI_ATRegion1_src_addr       
00000000  __TI_ATRegion1_trg_addr       
00000000  __TI_ATRegion2_region_sz      
00000000  __TI_ATRegion2_src_addr       
00000000  __TI_ATRegion2_trg_addr       
00002d94  __TI_CINIT_Base               
00002da4  __TI_CINIT_Limit              
00002da4  __TI_CINIT_Warm               
00002d78  __TI_Handler_Table_Base       
00002d84  __TI_Handler_Table_Limit      
00002995  __TI_auto_init_nobinit_nopinit
00002511  __TI_decompress_lzss          
00002b6d  __TI_decompress_none          
ffffffff  __TI_pprof_out_hndl           
ffffffff  __TI_prof_data_size           
ffffffff  __TI_prof_data_start          
00000000  __TI_static_base__            
00002b45  __TI_zero_init_nomemset       
0000188f  __adddf3                      
00001dfb  __addsf3                      
00002601  __aeabi_d2f                   
00002841  __aeabi_d2iz                  
0000188f  __aeabi_dadd                  
000026dd  __aeabi_dcmpeq                
00002719  __aeabi_dcmpge                
0000272d  __aeabi_dcmpgt                
00002705  __aeabi_dcmple                
000026f1  __aeabi_dcmplt                
00001b5d  __aeabi_dmul                  
00001885  __aeabi_dsub                  
20200028  __aeabi_errno                 
00002bb9  __aeabi_errno_addr            
00002919  __aeabi_f2d                   
00002a0d  __aeabi_f2iz                  
00001dfb  __aeabi_fadd                  
0000248d  __aeabi_fdiv                  
00002401  __aeabi_fmul                  
00001df1  __aeabi_fsub                  
00002aa9  __aeabi_i2d                   
00002959  __aeabi_i2f                   
00002741  __aeabi_idiv                  
000023ff  __aeabi_idiv0                 
00002741  __aeabi_idivmod               
00002bc1  __aeabi_memcpy                
00002bc1  __aeabi_memcpy4               
00002bc1  __aeabi_memcpy8               
ffffffff  __binit__                     
00002675  __cmpdf2                      
0000248d  __divsf3                      
00002675  __eqdf2                       
00002919  __extendsfdf2                 
00002841  __fixdfsi                     
00002a0d  __fixsfsi                     
00002aa9  __floatsidf                   
00002959  __floatsisf                   
0000258d  __gedf2                       
0000258d  __gtdf2                       
00000ea5  __kernel_rem_pio2             
00002675  __ledf2                       
00002675  __ltdf2                       
UNDEFED   __mpu_init                    
00001b5d  __muldf3                      
000029d1  __muldsi3                     
00002401  __mulsf3                      
00002675  __nedf2                       
20207e00  __stack                       
20200000  __start___llvm_prf_bits       
20200000  __start___llvm_prf_cnts       
20200000  __stop___llvm_prf_bits        
20200000  __stop___llvm_prf_cnts        
00001885  __subdf3                      
00001df1  __subsf3                      
00002601  __truncdfsf2                  
00002ad5  _c_int00_noargs               
UNDEFED   _system_post_cinit            
00002c09  _system_pre_init              
00002bf3  abort                         
ffffffff  binit                         
000014e9  cosf                          
00001a19  floor                         
00001a19  floorl                        
20200000  gSPI_0Backup                  
00000000  interruptVectors              
00001d19  ldexp                         
00001d19  ldexpl                        
000000c1  main                          
00002365  memcpy                        
00001d19  scalbn                        
00001d19  scalbnl                       
000016bd  sinf                          


GLOBAL SYMBOLS: SORTED BY Symbol Address 

address   name                          
-------   ----                          
00000000  __TI_ATRegion0_region_sz      
00000000  __TI_ATRegion0_src_addr       
00000000  __TI_ATRegion0_trg_addr       
00000000  __TI_ATRegion1_region_sz      
00000000  __TI_ATRegion1_src_addr       
00000000  __TI_ATRegion1_trg_addr       
00000000  __TI_ATRegion2_region_sz      
00000000  __TI_ATRegion2_src_addr       
00000000  __TI_ATRegion2_trg_addr       
00000000  __TI_static_base__            
00000000  interruptVectors              
000000c1  main                          
00000200  __STACK_SIZE                  
00000ea5  __kernel_rem_pio2             
000014e9  cosf                          
000016bd  sinf                          
00001885  __aeabi_dsub                  
00001885  __subdf3                      
0000188f  __adddf3                      
0000188f  __aeabi_dadd                  
00001a17  ADC0_IRQHandler               
00001a17  ADC1_IRQHandler               
00001a17  AES_IRQHandler                
00001a17  CANFD0_IRQHandler             
00001a17  DAC0_IRQHandler               
00001a17  DMA_IRQHandler                
00001a17  Default_Handler               
00001a17  GROUP0_IRQHandler             
00001a17  GROUP1_IRQHandler             
00001a17  HardFault_Handler             
00001a17  I2C0_IRQHandler               
00001a17  I2C1_IRQHandler               
00001a17  NMI_Handler                   
00001a17  PendSV_Handler                
00001a17  RTC_IRQHandler                
00001a17  SPI0_IRQHandler               
00001a17  SPI1_IRQHandler               
00001a17  SVC_Handler                   
00001a17  SysTick_Handler               
00001a17  TIMA0_IRQHandler              
00001a17  TIMA1_IRQHandler              
00001a17  TIMG0_IRQHandler              
00001a17  TIMG12_IRQHandler             
00001a17  TIMG6_IRQHandler              
00001a17  TIMG7_IRQHandler              
00001a17  TIMG8_IRQHandler              
00001a17  UART0_IRQHandler              
00001a17  UART1_IRQHandler              
00001a17  UART2_IRQHandler              
00001a17  UART3_IRQHandler              
00001a19  floor                         
00001a19  floorl                        
00001b5d  __aeabi_dmul                  
00001b5d  __muldf3                      
00001d19  ldexp                         
00001d19  ldexpl                        
00001d19  scalbn                        
00001d19  scalbnl                       
00001df1  __aeabi_fsub                  
00001df1  __subsf3                      
00001dfb  __addsf3                      
00001dfb  __aeabi_fadd                  
00002365  memcpy                        
000023ff  __aeabi_idiv0                 
00002401  __aeabi_fmul                  
00002401  __mulsf3                      
0000248d  __aeabi_fdiv                  
0000248d  __divsf3                      
00002511  __TI_decompress_lzss          
0000258d  __gedf2                       
0000258d  __gtdf2                       
00002601  __aeabi_d2f                   
00002601  __truncdfsf2                  
00002675  __cmpdf2                      
00002675  __eqdf2                       
00002675  __ledf2                       
00002675  __ltdf2                       
00002675  __nedf2                       
000026dd  __aeabi_dcmpeq                
000026f1  __aeabi_dcmplt                
00002705  __aeabi_dcmple                
00002719  __aeabi_dcmpge                
0000272d  __aeabi_dcmpgt                
00002741  __aeabi_idiv                  
00002741  __aeabi_idivmod               
00002799  DL_SPI_fillTXFIFO8            
000027ed  SYSCFG_DL_GPIO_init           
00002841  __aeabi_d2iz                  
00002841  __fixdfsi                     
0000288d  SYSCFG_DL_SPI_0_init          
000028d5  DL_SPI_init                   
00002919  __aeabi_f2d                   
00002919  __extendsfdf2                 
00002959  __aeabi_i2f                   
00002959  __floatsisf                   
00002995  __TI_auto_init_nobinit_nopinit
000029d1  __muldsi3                     
00002a0d  __aeabi_f2iz                  
00002a0d  __fixsfsi                     
00002a45  SYSCFG_DL_initPower           
00002a79  SYSCFG_DL_SYSCTL_init         
00002aa9  __aeabi_i2d                   
00002aa9  __floatsidf                   
00002ad5  _c_int00_noargs               
00002afd  SYSCFG_DL_init                
00002b45  __TI_zero_init_nomemset       
00002b5b  DL_SPI_setClockConfig         
00002b6d  __TI_decompress_none          
00002b8f  DL_Common_delayCycles         
00002bb9  __aeabi_errno_addr            
00002bc1  __aeabi_memcpy                
00002bc1  __aeabi_memcpy4               
00002bc1  __aeabi_memcpy8               
00002bf3  abort                         
00002bf8  C$$EXIT                       
00002bf9  HOSTexit                      
00002c05  Reset_Handler                 
00002c09  _system_pre_init              
00002d78  __TI_Handler_Table_Base       
00002d84  __TI_Handler_Table_Limit      
00002d94  __TI_CINIT_Base               
00002da4  __TI_CINIT_Limit              
00002da4  __TI_CINIT_Warm               
20200000  __start___llvm_prf_bits       
20200000  __start___llvm_prf_cnts       
20200000  __stop___llvm_prf_bits        
20200000  __stop___llvm_prf_cnts        
20200000  gSPI_0Backup                  
20200028  __aeabi_errno                 
20207e00  __stack                       
20208000  __STACK_END                   
ffffffff  __TI_pprof_out_hndl           
ffffffff  __TI_prof_data_size           
ffffffff  __TI_prof_data_start          
ffffffff  __binit__                     
ffffffff  binit                         
UNDEFED   __mpu_init                    
UNDEFED   _system_post_cinit            

[138 symbols]
