<?xml version="1.0" encoding="ISO-8859-1" ?>
<link_info>
   <banner>TI ARM Clang Linker PC v4.0.4.LTS</banner>
   <copyright>Copyright (c) 1996-2018 Texas Instruments Incorporated</copyright>
   <command_line>D:\mspm0_files\ccs\tools\compiler\ti-cgt-armllvm_4.0.4.LTS\bin\tiarmlnk -ID:\mspm0_files\ccs\tools\compiler\ti-cgt-armllvm_4.0.4.LTS\lib -o spi_peripheral_multibyte_fifo_poll_LP_MSPM0G3507_nortos_ticlang.out -mspi_peripheral_multibyte_fifo_poll_LP_MSPM0G3507_nortos_ticlang.map -iD:/mspm0_files/mspm0_sdk_2_07_00_05/source -iD:/NDCC_Project/spi_peripheral_multibyte_fifo_poll_LP_MSPM0G3507_nortos_ticlang -iD:/NDCC_Project/spi_peripheral_multibyte_fifo_poll_LP_MSPM0G3507_nortos_ticlang/Debug/syscfg -iD:/mspm0_files/ccs/tools/compiler/ti-cgt-armllvm_4.0.4.LTS/lib --diag_wrap=off --display_error_number --warn_sections --xml_link_info=spi_peripheral_multibyte_fifo_poll_LP_MSPM0G3507_nortos_ticlang_linkInfo.xml --rom_model ./spi_peripheral_multibyte_fifo_poll.o ./ti_msp_dl_config.o ./startup_mspm0g350x_ticlang.o -l./device_linker.cmd -ldevice.cmd.genlibs -llibc.a --start-group -llibc++.a -llibc++abi.a -llibc.a -llibsys.a -llibsysbm.a -llibclang_rt.builtins.a -llibclang_rt.profile.a --end-group --cg_opt_level=2</command_line>
   <link_time>0x696bd2fe</link_time>
   <link_errors>0x0</link_errors>
   <output_file>D:\NDCC_Project\spi_peripheral_multibyte_fifo_poll_LP_MSPM0G3507_nortos_ticlang\Debug\spi_peripheral_multibyte_fifo_poll_LP_MSPM0G3507_nortos_ticlang.out</output_file>
   <entry_point>
      <name>_c_int00_noargs</name>
      <address>0x2ad5</address>
   </entry_point>
   <input_file_list>
      <input_file id="fl-1">
         <path>D:\NDCC_Project\spi_peripheral_multibyte_fifo_poll_LP_MSPM0G3507_nortos_ticlang\Debug\.\</path>
         <kind>object</kind>
         <file>spi_peripheral_multibyte_fifo_poll.o</file>
         <name>spi_peripheral_multibyte_fifo_poll.o</name>
      </input_file>
      <input_file id="fl-2">
         <path>D:\NDCC_Project\spi_peripheral_multibyte_fifo_poll_LP_MSPM0G3507_nortos_ticlang\Debug\.\</path>
         <kind>object</kind>
         <file>ti_msp_dl_config.o</file>
         <name>ti_msp_dl_config.o</name>
      </input_file>
      <input_file id="fl-3">
         <path>D:\NDCC_Project\spi_peripheral_multibyte_fifo_poll_LP_MSPM0G3507_nortos_ticlang\Debug\.\</path>
         <kind>object</kind>
         <file>startup_mspm0g350x_ticlang.o</file>
         <name>startup_mspm0g350x_ticlang.o</name>
      </input_file>
      <input_file id="fl-10">
         <path>D:\NDCC_Project\spi_peripheral_multibyte_fifo_poll_LP_MSPM0G3507_nortos_ticlang\Debug\</path>
         <kind>object</kind>
         <file>&lt;internal&gt;</file>
         <name>&lt;internal&gt;</name>
      </input_file>
      <input_file id="fl-11">
         <path>D:\mspm0_files\mspm0_sdk_2_07_00_05\source\ti\driverlib\lib\ticlang\m0p\mspm0g1x0x_g3x0x\</path>
         <kind>archive</kind>
         <file>driverlib.a</file>
         <name>dl_common.o</name>
      </input_file>
      <input_file id="fl-12">
         <path>D:\mspm0_files\mspm0_sdk_2_07_00_05\source\ti\driverlib\lib\ticlang\m0p\mspm0g1x0x_g3x0x\</path>
         <kind>archive</kind>
         <file>driverlib.a</file>
         <name>dl_spi.o</name>
      </input_file>
      <input_file id="fl-29">
         <path>D:\mspm0_files\ccs\tools\compiler\ti-cgt-armllvm_4.0.4.LTS\lib\armv6m-ti-none-eabi\c\</path>
         <kind>archive</kind>
         <file>libc.a</file>
         <name>s_cosf.c.obj</name>
      </input_file>
      <input_file id="fl-2a">
         <path>D:\mspm0_files\ccs\tools\compiler\ti-cgt-armllvm_4.0.4.LTS\lib\armv6m-ti-none-eabi\c\</path>
         <kind>archive</kind>
         <file>libc.a</file>
         <name>s_sinf.c.obj</name>
      </input_file>
      <input_file id="fl-2b">
         <path>D:\mspm0_files\ccs\tools\compiler\ti-cgt-armllvm_4.0.4.LTS\lib\armv6m-ti-none-eabi\c\</path>
         <kind>archive</kind>
         <file>libc.a</file>
         <name>k_rem_pio2.c.obj</name>
      </input_file>
      <input_file id="fl-2c">
         <path>D:\mspm0_files\ccs\tools\compiler\ti-cgt-armllvm_4.0.4.LTS\lib\armv6m-ti-none-eabi\c\</path>
         <kind>archive</kind>
         <file>libc.a</file>
         <name>boot_cortex_m.c.obj</name>
      </input_file>
      <input_file id="fl-2d">
         <path>D:\mspm0_files\ccs\tools\compiler\ti-cgt-armllvm_4.0.4.LTS\lib\armv6m-ti-none-eabi\c\</path>
         <kind>archive</kind>
         <file>libc.a</file>
         <name>mathacl_init.c.obj</name>
      </input_file>
      <input_file id="fl-2e">
         <path>D:\mspm0_files\ccs\tools\compiler\ti-cgt-armllvm_4.0.4.LTS\lib\armv6m-ti-none-eabi\c\</path>
         <kind>archive</kind>
         <file>libc.a</file>
         <name>autoinit.c.obj</name>
      </input_file>
      <input_file id="fl-2f">
         <path>D:\mspm0_files\ccs\tools\compiler\ti-cgt-armllvm_4.0.4.LTS\lib\armv6m-ti-none-eabi\c\</path>
         <kind>archive</kind>
         <file>libc.a</file>
         <name>pre_init.c.obj</name>
      </input_file>
      <input_file id="fl-30">
         <path>D:\mspm0_files\ccs\tools\compiler\ti-cgt-armllvm_4.0.4.LTS\lib\armv6m-ti-none-eabi\c\</path>
         <kind>archive</kind>
         <file>libc.a</file>
         <name>cpy_tbl.c.obj</name>
      </input_file>
      <input_file id="fl-31">
         <path>D:\mspm0_files\ccs\tools\compiler\ti-cgt-armllvm_4.0.4.LTS\lib\armv6m-ti-none-eabi\c\</path>
         <kind>archive</kind>
         <file>libc.a</file>
         <name>copy_zero_init.c.obj</name>
      </input_file>
      <input_file id="fl-32">
         <path>D:\mspm0_files\ccs\tools\compiler\ti-cgt-armllvm_4.0.4.LTS\lib\armv6m-ti-none-eabi\c\</path>
         <kind>archive</kind>
         <file>libc.a</file>
         <name>copy_decompress_none.c.obj</name>
      </input_file>
      <input_file id="fl-33">
         <path>D:\mspm0_files\ccs\tools\compiler\ti-cgt-armllvm_4.0.4.LTS\lib\armv6m-ti-none-eabi\c\</path>
         <kind>archive</kind>
         <file>libc.a</file>
         <name>copy_decompress_lzss.c.obj</name>
      </input_file>
      <input_file id="fl-34">
         <path>D:\mspm0_files\ccs\tools\compiler\ti-cgt-armllvm_4.0.4.LTS\lib\armv6m-ti-none-eabi\c\</path>
         <kind>archive</kind>
         <file>libc.a</file>
         <name>s_floor.c.obj</name>
      </input_file>
      <input_file id="fl-35">
         <path>D:\mspm0_files\ccs\tools\compiler\ti-cgt-armllvm_4.0.4.LTS\lib\armv6m-ti-none-eabi\c\</path>
         <kind>archive</kind>
         <file>libc.a</file>
         <name>s_scalbn.c.obj</name>
      </input_file>
      <input_file id="fl-36">
         <path>D:\mspm0_files\ccs\tools\compiler\ti-cgt-armllvm_4.0.4.LTS\lib\armv6m-ti-none-eabi\c\</path>
         <kind>archive</kind>
         <file>libc.a</file>
         <name>aeabi_portable.c.obj</name>
      </input_file>
      <input_file id="fl-37">
         <path>D:\mspm0_files\ccs\tools\compiler\ti-cgt-armllvm_4.0.4.LTS\lib\armv6m-ti-none-eabi\c\</path>
         <kind>archive</kind>
         <file>libc.a</file>
         <name>exit.c.obj</name>
      </input_file>
      <input_file id="fl-38">
         <path>D:\mspm0_files\ccs\tools\compiler\ti-cgt-armllvm_4.0.4.LTS\lib\armv6m-ti-none-eabi\c\</path>
         <kind>archive</kind>
         <file>libc.a</file>
         <name>_lock.c.obj</name>
      </input_file>
      <input_file id="fl-39">
         <path>D:\mspm0_files\ccs\tools\compiler\ti-cgt-armllvm_4.0.4.LTS\lib\armv6m-ti-none-eabi\c\</path>
         <kind>archive</kind>
         <file>libc.a</file>
         <name>args_main.c.obj</name>
      </input_file>
      <input_file id="fl-3a">
         <path>D:\mspm0_files\ccs\tools\compiler\ti-cgt-armllvm_4.0.4.LTS\lib\armv6m-ti-none-eabi\c\</path>
         <kind>archive</kind>
         <file>libc.a</file>
         <name>assert.c.obj</name>
      </input_file>
      <input_file id="fl-3b">
         <path>D:\mspm0_files\ccs\tools\compiler\ti-cgt-armllvm_4.0.4.LTS\lib\armv6m-ti-none-eabi\c\</path>
         <kind>archive</kind>
         <file>libc.a</file>
         <name>defs.c.obj</name>
      </input_file>
      <input_file id="fl-3c">
         <path>D:\mspm0_files\ccs\tools\compiler\ti-cgt-armllvm_4.0.4.LTS\lib\armv6m-ti-none-eabi\c\</path>
         <kind>archive</kind>
         <file>libc.a</file>
         <name>memory.c.obj</name>
      </input_file>
      <input_file id="fl-3d">
         <path>D:\mspm0_files\ccs\tools\compiler\ti-cgt-armllvm_4.0.4.LTS\lib\armv6m-ti-none-eabi\c\</path>
         <kind>archive</kind>
         <file>libc.a</file>
         <name>sprintf.c.obj</name>
      </input_file>
      <input_file id="fl-3e">
         <path>D:\mspm0_files\ccs\tools\compiler\ti-cgt-armllvm_4.0.4.LTS\lib\armv6m-ti-none-eabi\c\</path>
         <kind>archive</kind>
         <file>libc.a</file>
         <name>fflush.c.obj</name>
      </input_file>
      <input_file id="fl-3f">
         <path>D:\mspm0_files\ccs\tools\compiler\ti-cgt-armllvm_4.0.4.LTS\lib\armv6m-ti-none-eabi\c\</path>
         <kind>archive</kind>
         <file>libc.a</file>
         <name>fputs.c.obj</name>
      </input_file>
      <input_file id="fl-40">
         <path>D:\mspm0_files\ccs\tools\compiler\ti-cgt-armllvm_4.0.4.LTS\lib\armv6m-ti-none-eabi\c\</path>
         <kind>archive</kind>
         <file>libc.a</file>
         <name>_io_perm.c.obj</name>
      </input_file>
      <input_file id="fl-41">
         <path>D:\mspm0_files\ccs\tools\compiler\ti-cgt-armllvm_4.0.4.LTS\lib\armv6m-ti-none-eabi\c\</path>
         <kind>archive</kind>
         <file>libc.a</file>
         <name>setvbuf.c.obj</name>
      </input_file>
      <input_file id="fl-42">
         <path>D:\mspm0_files\ccs\tools\compiler\ti-cgt-armllvm_4.0.4.LTS\lib\armv6m-ti-none-eabi\c\</path>
         <kind>archive</kind>
         <file>libc.a</file>
         <name>_printfi.c.obj</name>
      </input_file>
      <input_file id="fl-43">
         <path>D:\mspm0_files\ccs\tools\compiler\ti-cgt-armllvm_4.0.4.LTS\lib\armv6m-ti-none-eabi\c\</path>
         <kind>archive</kind>
         <file>libc.a</file>
         <name>fopen.c.obj</name>
      </input_file>
      <input_file id="fl-44">
         <path>D:\mspm0_files\ccs\tools\compiler\ti-cgt-armllvm_4.0.4.LTS\lib\armv6m-ti-none-eabi\c\</path>
         <kind>archive</kind>
         <file>libc.a</file>
         <name>fseek.c.obj</name>
      </input_file>
      <input_file id="fl-45">
         <path>D:\mspm0_files\ccs\tools\compiler\ti-cgt-armllvm_4.0.4.LTS\lib\armv6m-ti-none-eabi\c\</path>
         <kind>archive</kind>
         <file>libc.a</file>
         <name>_ltoa.c.obj</name>
      </input_file>
      <input_file id="fl-46">
         <path>D:\mspm0_files\ccs\tools\compiler\ti-cgt-armllvm_4.0.4.LTS\lib\armv6m-ti-none-eabi\c\</path>
         <kind>archive</kind>
         <file>libc.a</file>
         <name>atoi.c.obj</name>
      </input_file>
      <input_file id="fl-47">
         <path>D:\mspm0_files\ccs\tools\compiler\ti-cgt-armllvm_4.0.4.LTS\lib\armv6m-ti-none-eabi\c\</path>
         <kind>archive</kind>
         <file>libc.a</file>
         <name>memccpy.c.obj</name>
      </input_file>
      <input_file id="fl-48">
         <path>D:\mspm0_files\ccs\tools\compiler\ti-cgt-armllvm_4.0.4.LTS\lib\armv6m-ti-none-eabi\c\</path>
         <kind>archive</kind>
         <file>libc.a</file>
         <name>s_frexp.c.obj</name>
      </input_file>
      <input_file id="fl-49">
         <path>D:\mspm0_files\ccs\tools\compiler\ti-cgt-armllvm_4.0.4.LTS\lib\armv6m-ti-none-eabi\c\</path>
         <kind>archive</kind>
         <file>libc.a</file>
         <name>wcslen.c.obj</name>
      </input_file>
      <input_file id="fl-4a">
         <path>D:\mspm0_files\ccs\tools\compiler\ti-cgt-armllvm_4.0.4.LTS\lib\armv6m-ti-none-eabi\c\</path>
         <kind>archive</kind>
         <file>libc.a</file>
         <name>fclose.c.obj</name>
      </input_file>
      <input_file id="fl-4b">
         <path>D:\mspm0_files\ccs\tools\compiler\ti-cgt-armllvm_4.0.4.LTS\lib\armv6m-ti-none-eabi\c\</path>
         <kind>archive</kind>
         <file>libc.a</file>
         <name>aeabi_ctype.S.obj</name>
      </input_file>
      <input_file id="fl-eb">
         <path>D:\mspm0_files\ccs\tools\compiler\ti-cgt-armllvm_4.0.4.LTS\lib\armv6m-ti-none-eabi\c\</path>
         <kind>archive</kind>
         <file>libsysbm.a</file>
         <name>hostexit.c.obj</name>
      </input_file>
      <input_file id="fl-ec">
         <path>D:\mspm0_files\ccs\tools\compiler\ti-cgt-armllvm_4.0.4.LTS\lib\armv6m-ti-none-eabi\c\</path>
         <kind>archive</kind>
         <file>libsysbm.a</file>
         <name>write.c.obj</name>
      </input_file>
      <input_file id="fl-ed">
         <path>D:\mspm0_files\ccs\tools\compiler\ti-cgt-armllvm_4.0.4.LTS\lib\armv6m-ti-none-eabi\c\</path>
         <kind>archive</kind>
         <file>libsysbm.a</file>
         <name>host_device.c.obj</name>
      </input_file>
      <input_file id="fl-ee">
         <path>D:\mspm0_files\ccs\tools\compiler\ti-cgt-armllvm_4.0.4.LTS\lib\armv6m-ti-none-eabi\c\</path>
         <kind>archive</kind>
         <file>libsysbm.a</file>
         <name>remove.c.obj</name>
      </input_file>
      <input_file id="fl-ef">
         <path>D:\mspm0_files\ccs\tools\compiler\ti-cgt-armllvm_4.0.4.LTS\lib\armv6m-ti-none-eabi\c\</path>
         <kind>archive</kind>
         <file>libsysbm.a</file>
         <name>open.c.obj</name>
      </input_file>
      <input_file id="fl-f0">
         <path>D:\mspm0_files\ccs\tools\compiler\ti-cgt-armllvm_4.0.4.LTS\lib\armv6m-ti-none-eabi\c\</path>
         <kind>archive</kind>
         <file>libsysbm.a</file>
         <name>lseek.c.obj</name>
      </input_file>
      <input_file id="fl-f1">
         <path>D:\mspm0_files\ccs\tools\compiler\ti-cgt-armllvm_4.0.4.LTS\lib\armv6m-ti-none-eabi\c\</path>
         <kind>archive</kind>
         <file>libsysbm.a</file>
         <name>close.c.obj</name>
      </input_file>
      <input_file id="fl-f2">
         <path>D:\mspm0_files\ccs\tools\compiler\ti-cgt-armllvm_4.0.4.LTS\lib\armv6m-ti-none-eabi\c\</path>
         <kind>archive</kind>
         <file>libsysbm.a</file>
         <name>unlink.c.obj</name>
      </input_file>
      <input_file id="fl-f3">
         <path>D:\mspm0_files\ccs\tools\compiler\ti-cgt-armllvm_4.0.4.LTS\lib\armv6m-ti-none-eabi\c\</path>
         <kind>archive</kind>
         <file>libsysbm.a</file>
         <name>hostclose.c.obj</name>
      </input_file>
      <input_file id="fl-f4">
         <path>D:\mspm0_files\ccs\tools\compiler\ti-cgt-armllvm_4.0.4.LTS\lib\armv6m-ti-none-eabi\c\</path>
         <kind>archive</kind>
         <file>libsysbm.a</file>
         <name>hostlseek.c.obj</name>
      </input_file>
      <input_file id="fl-f5">
         <path>D:\mspm0_files\ccs\tools\compiler\ti-cgt-armllvm_4.0.4.LTS\lib\armv6m-ti-none-eabi\c\</path>
         <kind>archive</kind>
         <file>libsysbm.a</file>
         <name>hostopen.c.obj</name>
      </input_file>
      <input_file id="fl-f6">
         <path>D:\mspm0_files\ccs\tools\compiler\ti-cgt-armllvm_4.0.4.LTS\lib\armv6m-ti-none-eabi\c\</path>
         <kind>archive</kind>
         <file>libsysbm.a</file>
         <name>hostread.c.obj</name>
      </input_file>
      <input_file id="fl-f7">
         <path>D:\mspm0_files\ccs\tools\compiler\ti-cgt-armllvm_4.0.4.LTS\lib\armv6m-ti-none-eabi\c\</path>
         <kind>archive</kind>
         <file>libsysbm.a</file>
         <name>hostrename.c.obj</name>
      </input_file>
      <input_file id="fl-f8">
         <path>D:\mspm0_files\ccs\tools\compiler\ti-cgt-armllvm_4.0.4.LTS\lib\armv6m-ti-none-eabi\c\</path>
         <kind>archive</kind>
         <file>libsysbm.a</file>
         <name>hostunlink.c.obj</name>
      </input_file>
      <input_file id="fl-f9">
         <path>D:\mspm0_files\ccs\tools\compiler\ti-cgt-armllvm_4.0.4.LTS\lib\armv6m-ti-none-eabi\c\</path>
         <kind>archive</kind>
         <file>libsysbm.a</file>
         <name>hostwrite.c.obj</name>
      </input_file>
      <input_file id="fl-fa">
         <path>D:\mspm0_files\ccs\tools\compiler\ti-cgt-armllvm_4.0.4.LTS\lib\armv6m-ti-none-eabi\c\</path>
         <kind>archive</kind>
         <file>libsysbm.a</file>
         <name>trgmsg.c.obj</name>
      </input_file>
      <input_file id="fl-fb">
         <path>D:\mspm0_files\ccs\tools\compiler\ti-cgt-armllvm_4.0.4.LTS\lib\armv6m-ti-none-eabi\</path>
         <kind>archive</kind>
         <file>libclang_rt.builtins.a</file>
         <name>addsf3.S.obj</name>
      </input_file>
      <input_file id="fl-fc">
         <path>D:\mspm0_files\ccs\tools\compiler\ti-cgt-armllvm_4.0.4.LTS\lib\armv6m-ti-none-eabi\</path>
         <kind>archive</kind>
         <file>libclang_rt.builtins.a</file>
         <name>adddf3.S.obj</name>
      </input_file>
      <input_file id="fl-fd">
         <path>D:\mspm0_files\ccs\tools\compiler\ti-cgt-armllvm_4.0.4.LTS\lib\armv6m-ti-none-eabi\</path>
         <kind>archive</kind>
         <file>libclang_rt.builtins.a</file>
         <name>muldf3.S.obj</name>
      </input_file>
      <input_file id="fl-fe">
         <path>D:\mspm0_files\ccs\tools\compiler\ti-cgt-armllvm_4.0.4.LTS\lib\armv6m-ti-none-eabi\</path>
         <kind>archive</kind>
         <file>libclang_rt.builtins.a</file>
         <name>muldsi3.S.obj</name>
      </input_file>
      <input_file id="fl-ff">
         <path>D:\mspm0_files\ccs\tools\compiler\ti-cgt-armllvm_4.0.4.LTS\lib\armv6m-ti-none-eabi\</path>
         <kind>archive</kind>
         <file>libclang_rt.builtins.a</file>
         <name>mulsf3.S.obj</name>
      </input_file>
      <input_file id="fl-100">
         <path>D:\mspm0_files\ccs\tools\compiler\ti-cgt-armllvm_4.0.4.LTS\lib\armv6m-ti-none-eabi\</path>
         <kind>archive</kind>
         <file>libclang_rt.builtins.a</file>
         <name>divsf3.S.obj</name>
      </input_file>
      <input_file id="fl-101">
         <path>D:\mspm0_files\ccs\tools\compiler\ti-cgt-armllvm_4.0.4.LTS\lib\armv6m-ti-none-eabi\</path>
         <kind>archive</kind>
         <file>libclang_rt.builtins.a</file>
         <name>divdf3.S.obj</name>
      </input_file>
      <input_file id="fl-102">
         <path>D:\mspm0_files\ccs\tools\compiler\ti-cgt-armllvm_4.0.4.LTS\lib\armv6m-ti-none-eabi\</path>
         <kind>archive</kind>
         <file>libclang_rt.builtins.a</file>
         <name>extendsfdf2.S.obj</name>
      </input_file>
      <input_file id="fl-103">
         <path>D:\mspm0_files\ccs\tools\compiler\ti-cgt-armllvm_4.0.4.LTS\lib\armv6m-ti-none-eabi\</path>
         <kind>archive</kind>
         <file>libclang_rt.builtins.a</file>
         <name>fixdfsi.S.obj</name>
      </input_file>
      <input_file id="fl-104">
         <path>D:\mspm0_files\ccs\tools\compiler\ti-cgt-armllvm_4.0.4.LTS\lib\armv6m-ti-none-eabi\</path>
         <kind>archive</kind>
         <file>libclang_rt.builtins.a</file>
         <name>fixsfsi.S.obj</name>
      </input_file>
      <input_file id="fl-105">
         <path>D:\mspm0_files\ccs\tools\compiler\ti-cgt-armllvm_4.0.4.LTS\lib\armv6m-ti-none-eabi\</path>
         <kind>archive</kind>
         <file>libclang_rt.builtins.a</file>
         <name>floatsidf.S.obj</name>
      </input_file>
      <input_file id="fl-106">
         <path>D:\mspm0_files\ccs\tools\compiler\ti-cgt-armllvm_4.0.4.LTS\lib\armv6m-ti-none-eabi\</path>
         <kind>archive</kind>
         <file>libclang_rt.builtins.a</file>
         <name>floatsisf.S.obj</name>
      </input_file>
      <input_file id="fl-107">
         <path>D:\mspm0_files\ccs\tools\compiler\ti-cgt-armllvm_4.0.4.LTS\lib\armv6m-ti-none-eabi\</path>
         <kind>archive</kind>
         <file>libclang_rt.builtins.a</file>
         <name>muldi3.S.obj</name>
      </input_file>
      <input_file id="fl-108">
         <path>D:\mspm0_files\ccs\tools\compiler\ti-cgt-armllvm_4.0.4.LTS\lib\armv6m-ti-none-eabi\</path>
         <kind>archive</kind>
         <file>libclang_rt.builtins.a</file>
         <name>truncdfsf2.S.obj</name>
      </input_file>
      <input_file id="fl-109">
         <path>D:\mspm0_files\ccs\tools\compiler\ti-cgt-armllvm_4.0.4.LTS\lib\armv6m-ti-none-eabi\</path>
         <kind>archive</kind>
         <file>libclang_rt.builtins.a</file>
         <name>aeabi_dcmp.S.obj</name>
      </input_file>
      <input_file id="fl-10a">
         <path>D:\mspm0_files\ccs\tools\compiler\ti-cgt-armllvm_4.0.4.LTS\lib\armv6m-ti-none-eabi\</path>
         <kind>archive</kind>
         <file>libclang_rt.builtins.a</file>
         <name>aeabi_idivmod.S.obj</name>
      </input_file>
      <input_file id="fl-10b">
         <path>D:\mspm0_files\ccs\tools\compiler\ti-cgt-armllvm_4.0.4.LTS\lib\armv6m-ti-none-eabi\</path>
         <kind>archive</kind>
         <file>libclang_rt.builtins.a</file>
         <name>aeabi_memcpy.S.obj</name>
      </input_file>
      <input_file id="fl-10c">
         <path>D:\mspm0_files\ccs\tools\compiler\ti-cgt-armllvm_4.0.4.LTS\lib\armv6m-ti-none-eabi\</path>
         <kind>archive</kind>
         <file>libclang_rt.builtins.a</file>
         <name>aeabi_memset.S.obj</name>
      </input_file>
      <input_file id="fl-10d">
         <path>D:\mspm0_files\ccs\tools\compiler\ti-cgt-armllvm_4.0.4.LTS\lib\armv6m-ti-none-eabi\</path>
         <kind>archive</kind>
         <file>libclang_rt.builtins.a</file>
         <name>aeabi_uidivmod.S.obj</name>
      </input_file>
      <input_file id="fl-10e">
         <path>D:\mspm0_files\ccs\tools\compiler\ti-cgt-armllvm_4.0.4.LTS\lib\armv6m-ti-none-eabi\</path>
         <kind>archive</kind>
         <file>libclang_rt.builtins.a</file>
         <name>aeabi_uldivmod.S.obj</name>
      </input_file>
      <input_file id="fl-10f">
         <path>D:\mspm0_files\ccs\tools\compiler\ti-cgt-armllvm_4.0.4.LTS\lib\armv6m-ti-none-eabi\</path>
         <kind>archive</kind>
         <file>libclang_rt.builtins.a</file>
         <name>udivmoddi4.S.obj</name>
      </input_file>
      <input_file id="fl-110">
         <path>D:\mspm0_files\ccs\tools\compiler\ti-cgt-armllvm_4.0.4.LTS\lib\armv6m-ti-none-eabi\</path>
         <kind>archive</kind>
         <file>libclang_rt.builtins.a</file>
         <name>ashldi3.S.obj</name>
      </input_file>
      <input_file id="fl-111">
         <path>D:\mspm0_files\ccs\tools\compiler\ti-cgt-armllvm_4.0.4.LTS\lib\armv6m-ti-none-eabi\</path>
         <kind>archive</kind>
         <file>libclang_rt.builtins.a</file>
         <name>comparedf2.c.obj</name>
      </input_file>
      <input_file id="fl-112">
         <path>D:\mspm0_files\ccs\tools\compiler\ti-cgt-armllvm_4.0.4.LTS\lib\armv6m-ti-none-eabi\</path>
         <kind>archive</kind>
         <file>libclang_rt.builtins.a</file>
         <name>aeabi_div0.c.obj</name>
      </input_file>
      <input_file id="fl-113">
         <path>D:\mspm0_files\ccs\tools\compiler\ti-cgt-armllvm_4.0.4.LTS\lib\armv6m-ti-none-eabi\c\</path>
         <kind>archive</kind>
         <file>libc.a</file>
         <name>getdevice.c.obj</name>
      </input_file>
      <input_file id="fl-114">
         <path>D:\mspm0_files\ccs\tools\compiler\ti-cgt-armllvm_4.0.4.LTS\lib\armv6m-ti-none-eabi\c\</path>
         <kind>archive</kind>
         <file>libc.a</file>
         <name>memcpy16.S.obj</name>
      </input_file>
      <input_file id="fl-115">
         <path>D:\mspm0_files\ccs\tools\compiler\ti-cgt-armllvm_4.0.4.LTS\lib\armv6m-ti-none-eabi\c\</path>
         <kind>archive</kind>
         <file>libc.a</file>
         <name>memset16.S.obj</name>
      </input_file>
      <input_file id="fl-116">
         <path>D:\mspm0_files\ccs\tools\compiler\ti-cgt-armllvm_4.0.4.LTS\lib\armv6m-ti-none-eabi\c\</path>
         <kind>archive</kind>
         <file>libc.a</file>
         <name>strcmp-armv6m.S.obj</name>
      </input_file>
   </input_file_list>
   <object_component_list>
      <object_component id="oc-18">
         <name>.intvecs</name>
         <load_address>0x0</load_address>
         <readonly>true</readonly>
         <run_address>0x0</run_address>
         <size>0xc0</size>
         <alignment>0x4</alignment>
         <input_file_ref idref="fl-3"/>
      </object_component>
      <object_component id="oc-63">
         <name>.text.main</name>
         <load_address>0xc0</load_address>
         <readonly>true</readonly>
         <executable>true</executable>
         <run_address>0xc0</run_address>
         <size>0xde4</size>
         <alignment>0x4</alignment>
         <input_file_ref idref="fl-1"/>
      </object_component>
      <object_component id="oc-10e">
         <name>.text.__kernel_rem_pio2</name>
         <load_address>0xea4</load_address>
         <readonly>true</readonly>
         <executable>true</executable>
         <run_address>0xea4</run_address>
         <size>0x644</size>
         <alignment>0x4</alignment>
         <input_file_ref idref="fl-2b"/>
      </object_component>
      <object_component id="oc-cb">
         <name>.text.cosf</name>
         <load_address>0x14e8</load_address>
         <readonly>true</readonly>
         <executable>true</executable>
         <run_address>0x14e8</run_address>
         <size>0x1d4</size>
         <alignment>0x4</alignment>
         <input_file_ref idref="fl-29"/>
      </object_component>
      <object_component id="oc-d5">
         <name>.text.sinf</name>
         <load_address>0x16bc</load_address>
         <readonly>true</readonly>
         <executable>true</executable>
         <run_address>0x16bc</run_address>
         <size>0x1c8</size>
         <alignment>0x4</alignment>
         <input_file_ref idref="fl-2a"/>
      </object_component>
      <object_component id="oc-fd">
         <name>.text.adddf3_subdf3</name>
         <load_address>0x1884</load_address>
         <readonly>true</readonly>
         <executable>true</executable>
         <run_address>0x1884</run_address>
         <size>0x192</size>
         <alignment>0x4</alignment>
         <input_file_ref idref="fl-fc"/>
      </object_component>
      <object_component id="oc-33">
         <name>.text.Default_Handler</name>
         <load_address>0x1a16</load_address>
         <readonly>true</readonly>
         <executable>true</executable>
         <run_address>0x1a16</run_address>
         <size>0x2</size>
         <alignment>0x2</alignment>
         <input_file_ref idref="fl-3"/>
      </object_component>
      <object_component id="oc-142">
         <name>.text.floor</name>
         <load_address>0x1a18</load_address>
         <readonly>true</readonly>
         <executable>true</executable>
         <run_address>0x1a18</run_address>
         <size>0x144</size>
         <alignment>0x4</alignment>
         <input_file_ref idref="fl-34"/>
      </object_component>
      <object_component id="oc-101">
         <name>.text.__muldf3</name>
         <load_address>0x1b5c</load_address>
         <readonly>true</readonly>
         <executable>true</executable>
         <run_address>0x1b5c</run_address>
         <size>0xe4</size>
         <alignment>0x4</alignment>
         <input_file_ref idref="fl-fd"/>
      </object_component>
      <object_component id="oc-8f">
         <name>.text.lcd_draw_arc</name>
         <load_address>0x1c40</load_address>
         <readonly>true</readonly>
         <executable>true</executable>
         <run_address>0x1c40</run_address>
         <size>0xd8</size>
         <alignment>0x4</alignment>
         <input_file_ref idref="fl-1"/>
      </object_component>
      <object_component id="oc-13e">
         <name>.text.scalbn</name>
         <load_address>0x1d18</load_address>
         <readonly>true</readonly>
         <executable>true</executable>
         <run_address>0x1d18</run_address>
         <size>0xd8</size>
         <alignment>0x4</alignment>
         <input_file_ref idref="fl-35"/>
      </object_component>
      <object_component id="oc-f9">
         <name>.text</name>
         <load_address>0x1df0</load_address>
         <readonly>true</readonly>
         <executable>true</executable>
         <run_address>0x1df0</run_address>
         <size>0xd8</size>
         <alignment>0x4</alignment>
         <input_file_ref idref="fl-fb"/>
      </object_component>
      <object_component id="oc-8e">
         <name>.text.lcd_fill_circle</name>
         <load_address>0x1ec8</load_address>
         <readonly>true</readonly>
         <executable>true</executable>
         <run_address>0x1ec8</run_address>
         <size>0xc8</size>
         <alignment>0x4</alignment>
         <input_file_ref idref="fl-1"/>
      </object_component>
      <object_component id="oc-114">
         <name>.text.__kernel_sindf</name>
         <load_address>0x1f90</load_address>
         <readonly>true</readonly>
         <executable>true</executable>
         <run_address>0x1f90</run_address>
         <size>0xac</size>
         <alignment>0x4</alignment>
         <input_file_ref idref="fl-29"/>
      </object_component>
      <object_component id="oc-11b">
         <name>.text.__kernel_sindf</name>
         <load_address>0x203c</load_address>
         <readonly>true</readonly>
         <executable>true</executable>
         <run_address>0x203c</run_address>
         <size>0xac</size>
         <alignment>0x4</alignment>
         <input_file_ref idref="fl-2a"/>
      </object_component>
      <object_component id="oc-86">
         <name>.text.lcd_write_register</name>
         <load_address>0x20e8</load_address>
         <readonly>true</readonly>
         <executable>true</executable>
         <run_address>0x20e8</run_address>
         <size>0xa4</size>
         <alignment>0x4</alignment>
         <input_file_ref idref="fl-1"/>
      </object_component>
      <object_component id="oc-87">
         <name>.text.lcd_set_window</name>
         <load_address>0x218c</load_address>
         <readonly>true</readonly>
         <executable>true</executable>
         <run_address>0x218c</run_address>
         <size>0xa0</size>
         <alignment>0x4</alignment>
         <input_file_ref idref="fl-1"/>
      </object_component>
      <object_component id="oc-f8">
         <name>.text.__kernel_cosdf</name>
         <load_address>0x222c</load_address>
         <readonly>true</readonly>
         <executable>true</executable>
         <run_address>0x222c</run_address>
         <size>0x9c</size>
         <alignment>0x4</alignment>
         <input_file_ref idref="fl-29"/>
      </object_component>
      <object_component id="oc-11a">
         <name>.text.__kernel_cosdf</name>
         <load_address>0x22c8</load_address>
         <readonly>true</readonly>
         <executable>true</executable>
         <run_address>0x22c8</run_address>
         <size>0x9c</size>
         <alignment>0x4</alignment>
         <input_file_ref idref="fl-2a"/>
      </object_component>
      <object_component id="oc-78">
         <name>.text:memcpy</name>
         <load_address>0x2364</load_address>
         <readonly>true</readonly>
         <executable>true</executable>
         <run_address>0x2364</run_address>
         <size>0x9a</size>
         <alignment>0x1</alignment>
         <input_file_ref idref="fl-114"/>
      </object_component>
      <object_component id="oc-154">
         <name>.text.__aeabi_idiv0</name>
         <load_address>0x23fe</load_address>
         <readonly>true</readonly>
         <executable>true</executable>
         <run_address>0x23fe</run_address>
         <size>0x2</size>
         <alignment>0x2</alignment>
         <input_file_ref idref="fl-112"/>
      </object_component>
      <object_component id="oc-c3">
         <name>.text.__mulsf3</name>
         <load_address>0x2400</load_address>
         <readonly>true</readonly>
         <executable>true</executable>
         <run_address>0x2400</run_address>
         <size>0x8c</size>
         <alignment>0x4</alignment>
         <input_file_ref idref="fl-ff"/>
      </object_component>
      <object_component id="oc-c7">
         <name>.text.__divsf3</name>
         <load_address>0x248c</load_address>
         <readonly>true</readonly>
         <executable>true</executable>
         <run_address>0x248c</run_address>
         <size>0x82</size>
         <alignment>0x4</alignment>
         <input_file_ref idref="fl-100"/>
      </object_component>
      <object_component id="oc-1c">
         <name>.text:decompress:lzss</name>
         <load_address>0x2510</load_address>
         <readonly>true</readonly>
         <executable>true</executable>
         <run_address>0x2510</run_address>
         <size>0x7c</size>
         <alignment>0x4</alignment>
         <input_file_ref idref="fl-33"/>
      </object_component>
      <object_component id="oc-16c">
         <name>.text.__gedf2</name>
         <load_address>0x258c</load_address>
         <readonly>true</readonly>
         <executable>true</executable>
         <run_address>0x258c</run_address>
         <size>0x74</size>
         <alignment>0x4</alignment>
         <input_file_ref idref="fl-111"/>
      </object_component>
      <object_component id="oc-12c">
         <name>.text.__truncdfsf2</name>
         <load_address>0x2600</load_address>
         <readonly>true</readonly>
         <executable>true</executable>
         <run_address>0x2600</run_address>
         <size>0x74</size>
         <alignment>0x10</alignment>
         <input_file_ref idref="fl-108"/>
      </object_component>
      <object_component id="oc-166">
         <name>.text.__ledf2</name>
         <load_address>0x2674</load_address>
         <readonly>true</readonly>
         <executable>true</executable>
         <run_address>0x2674</run_address>
         <size>0x68</size>
         <alignment>0x4</alignment>
         <input_file_ref idref="fl-111"/>
      </object_component>
      <object_component id="oc-146">
         <name>.text.__aeabi_dcmp</name>
         <load_address>0x26dc</load_address>
         <readonly>true</readonly>
         <executable>true</executable>
         <run_address>0x26dc</run_address>
         <size>0x62</size>
         <alignment>0x4</alignment>
         <input_file_ref idref="fl-109"/>
      </object_component>
      <object_component id="oc-135">
         <name>.text.__aeabi_idivmod</name>
         <load_address>0x2740</load_address>
         <readonly>true</readonly>
         <executable>true</executable>
         <run_address>0x2740</run_address>
         <size>0x56</size>
         <alignment>0x4</alignment>
         <input_file_ref idref="fl-10a"/>
      </object_component>
      <object_component id="oc-88">
         <name>.text.DL_SPI_fillTXFIFO8</name>
         <load_address>0x2798</load_address>
         <readonly>true</readonly>
         <executable>true</executable>
         <run_address>0x2798</run_address>
         <size>0x54</size>
         <alignment>0x4</alignment>
         <input_file_ref idref="fl-12"/>
      </object_component>
      <object_component id="oc-b3">
         <name>.text.SYSCFG_DL_GPIO_init</name>
         <load_address>0x27ec</load_address>
         <readonly>true</readonly>
         <executable>true</executable>
         <run_address>0x27ec</run_address>
         <size>0x54</size>
         <alignment>0x4</alignment>
         <input_file_ref idref="fl-2"/>
      </object_component>
      <object_component id="oc-105">
         <name>.text.__fixdfsi</name>
         <load_address>0x2840</load_address>
         <readonly>true</readonly>
         <executable>true</executable>
         <run_address>0x2840</run_address>
         <size>0x4a</size>
         <alignment>0x4</alignment>
         <input_file_ref idref="fl-103"/>
      </object_component>
      <object_component id="oc-b6">
         <name>.text.SYSCFG_DL_SPI_0_init</name>
         <load_address>0x288c</load_address>
         <readonly>true</readonly>
         <executable>true</executable>
         <run_address>0x288c</run_address>
         <size>0x48</size>
         <alignment>0x4</alignment>
         <input_file_ref idref="fl-2"/>
      </object_component>
      <object_component id="oc-ed">
         <name>.text.DL_SPI_init</name>
         <load_address>0x28d4</load_address>
         <readonly>true</readonly>
         <executable>true</executable>
         <run_address>0x28d4</run_address>
         <size>0x44</size>
         <alignment>0x4</alignment>
         <input_file_ref idref="fl-12"/>
      </object_component>
      <object_component id="oc-10a">
         <name>.text.__extendsfdf2</name>
         <load_address>0x2918</load_address>
         <readonly>true</readonly>
         <executable>true</executable>
         <run_address>0x2918</run_address>
         <size>0x40</size>
         <alignment>0x4</alignment>
         <input_file_ref idref="fl-102"/>
      </object_component>
      <object_component id="oc-bf">
         <name>.text.__floatsisf</name>
         <load_address>0x2958</load_address>
         <readonly>true</readonly>
         <executable>true</executable>
         <run_address>0x2958</run_address>
         <size>0x3c</size>
         <alignment>0x4</alignment>
         <input_file_ref idref="fl-106"/>
      </object_component>
      <object_component id="oc-99">
         <name>.text:__TI_auto_init_nobinit_nopinit</name>
         <load_address>0x2994</load_address>
         <readonly>true</readonly>
         <executable>true</executable>
         <run_address>0x2994</run_address>
         <size>0x3c</size>
         <alignment>0x4</alignment>
         <input_file_ref idref="fl-2e"/>
      </object_component>
      <object_component id="oc-f1">
         <name>.text.__muldsi3</name>
         <load_address>0x29d0</load_address>
         <readonly>true</readonly>
         <executable>true</executable>
         <run_address>0x29d0</run_address>
         <size>0x3a</size>
         <alignment>0x4</alignment>
         <input_file_ref idref="fl-fe"/>
      </object_component>
      <object_component id="oc-d1">
         <name>.text.__fixsfsi</name>
         <load_address>0x2a0c</load_address>
         <readonly>true</readonly>
         <executable>true</executable>
         <run_address>0x2a0c</run_address>
         <size>0x38</size>
         <alignment>0x4</alignment>
         <input_file_ref idref="fl-104"/>
      </object_component>
      <object_component id="oc-b2">
         <name>.text.SYSCFG_DL_initPower</name>
         <load_address>0x2a44</load_address>
         <readonly>true</readonly>
         <executable>true</executable>
         <run_address>0x2a44</run_address>
         <size>0x34</size>
         <alignment>0x4</alignment>
         <input_file_ref idref="fl-2"/>
      </object_component>
      <object_component id="oc-b4">
         <name>.text.SYSCFG_DL_SYSCTL_init</name>
         <load_address>0x2a78</load_address>
         <readonly>true</readonly>
         <executable>true</executable>
         <run_address>0x2a78</run_address>
         <size>0x30</size>
         <alignment>0x4</alignment>
         <input_file_ref idref="fl-2"/>
      </object_component>
      <object_component id="oc-139">
         <name>.text.__floatsidf</name>
         <load_address>0x2aa8</load_address>
         <readonly>true</readonly>
         <executable>true</executable>
         <run_address>0x2aa8</run_address>
         <size>0x2c</size>
         <alignment>0x4</alignment>
         <input_file_ref idref="fl-105"/>
      </object_component>
      <object_component id="oc-4f">
         <name>.text:_c_int00_noargs</name>
         <load_address>0x2ad4</load_address>
         <readonly>true</readonly>
         <executable>true</executable>
         <run_address>0x2ad4</run_address>
         <size>0x28</size>
         <alignment>0x4</alignment>
         <input_file_ref idref="fl-2c"/>
      </object_component>
      <object_component id="oc-7d">
         <name>.text.SYSCFG_DL_init</name>
         <load_address>0x2afc</load_address>
         <readonly>true</readonly>
         <executable>true</executable>
         <run_address>0x2afc</run_address>
         <size>0x20</size>
         <alignment>0x4</alignment>
         <input_file_ref idref="fl-2"/>
      </object_component>
      <object_component id="oc-14c">
         <name>.text.OUTLINED_FUNCTION_0</name>
         <load_address>0x2b1c</load_address>
         <readonly>true</readonly>
         <executable>true</executable>
         <run_address>0x2b1c</run_address>
         <size>0x16</size>
         <alignment>0x2</alignment>
         <input_file_ref idref="fl-2b"/>
      </object_component>
      <object_component id="oc-1bc">
         <name>.tramp.__aeabi_dadd.1</name>
         <load_address>0x2b34</load_address>
         <readonly>true</readonly>
         <executable>true</executable>
         <run_address>0x2b34</run_address>
         <size>0x10</size>
         <alignment>0x4</alignment>
         <input_file_ref idref="fl-fc"/>
      </object_component>
      <object_component id="oc-46">
         <name>.text:decompress:ZI:__TI_zero_init_nomemset</name>
         <load_address>0x2b44</load_address>
         <readonly>true</readonly>
         <executable>true</executable>
         <run_address>0x2b44</run_address>
         <size>0x16</size>
         <alignment>0x2</alignment>
         <input_file_ref idref="fl-31"/>
      </object_component>
      <object_component id="oc-ec">
         <name>.text.DL_SPI_setClockConfig</name>
         <load_address>0x2b5a</load_address>
         <readonly>true</readonly>
         <executable>true</executable>
         <run_address>0x2b5a</run_address>
         <size>0x12</size>
         <alignment>0x2</alignment>
         <input_file_ref idref="fl-12"/>
      </object_component>
      <object_component id="oc-20">
         <name>.text:decompress:none</name>
         <load_address>0x2b6c</load_address>
         <readonly>true</readonly>
         <executable>true</executable>
         <run_address>0x2b6c</run_address>
         <size>0x12</size>
         <alignment>0x2</alignment>
         <input_file_ref idref="fl-32"/>
      </object_component>
      <object_component id="oc-13d">
         <name>.text.OUTLINED_FUNCTION_2</name>
         <load_address>0x2b7e</load_address>
         <readonly>true</readonly>
         <executable>true</executable>
         <run_address>0x2b7e</run_address>
         <size>0x10</size>
         <alignment>0x2</alignment>
         <input_file_ref idref="fl-2b"/>
      </object_component>
      <object_component id="oc-82">
         <name>.text.DL_Common_delayCycles</name>
         <load_address>0x2b8e</load_address>
         <readonly>true</readonly>
         <executable>true</executable>
         <run_address>0x2b8e</run_address>
         <size>0xa</size>
         <alignment>0x2</alignment>
         <input_file_ref idref="fl-11"/>
      </object_component>
      <object_component id="oc-14d">
         <name>.text.OUTLINED_FUNCTION_1</name>
         <load_address>0x2b98</load_address>
         <readonly>true</readonly>
         <executable>true</executable>
         <run_address>0x2b98</run_address>
         <size>0xa</size>
         <alignment>0x2</alignment>
         <input_file_ref idref="fl-2b"/>
      </object_component>
      <object_component id="oc-109">
         <name>.text.OUTLINED_FUNCTION_3</name>
         <load_address>0x2ba2</load_address>
         <readonly>true</readonly>
         <executable>true</executable>
         <run_address>0x2ba2</run_address>
         <size>0xa</size>
         <alignment>0x2</alignment>
         <input_file_ref idref="fl-29"/>
      </object_component>
      <object_component id="oc-119">
         <name>.text.OUTLINED_FUNCTION_3</name>
         <load_address>0x2bac</load_address>
         <readonly>true</readonly>
         <executable>true</executable>
         <run_address>0x2bac</run_address>
         <size>0xa</size>
         <alignment>0x2</alignment>
         <input_file_ref idref="fl-2a"/>
      </object_component>
      <object_component id="oc-15b">
         <name>.text.__aeabi_errno_addr</name>
         <load_address>0x2bb8</load_address>
         <readonly>true</readonly>
         <executable>true</executable>
         <run_address>0x2bb8</run_address>
         <size>0x8</size>
         <alignment>0x4</alignment>
         <input_file_ref idref="fl-36"/>
      </object_component>
      <object_component id="oc-3f">
         <name>.text.__aeabi_memcpy</name>
         <load_address>0x2bc0</load_address>
         <readonly>true</readonly>
         <executable>true</executable>
         <run_address>0x2bc0</run_address>
         <size>0x8</size>
         <alignment>0x4</alignment>
         <input_file_ref idref="fl-10b"/>
      </object_component>
      <object_component id="oc-12b">
         <name>.text.OUTLINED_FUNCTION_0</name>
         <load_address>0x2bc8</load_address>
         <readonly>true</readonly>
         <executable>true</executable>
         <run_address>0x2bc8</run_address>
         <size>0x6</size>
         <alignment>0x2</alignment>
         <input_file_ref idref="fl-29"/>
      </object_component>
      <object_component id="oc-1bd">
         <name>.tramp.__aeabi_dmul.1</name>
         <load_address>0x2bd0</load_address>
         <readonly>true</readonly>
         <executable>true</executable>
         <run_address>0x2bd0</run_address>
         <size>0x10</size>
         <alignment>0x4</alignment>
         <input_file_ref idref="fl-fd"/>
      </object_component>
      <object_component id="oc-152">
         <name>.text.OUTLINED_FUNCTION_0</name>
         <load_address>0x2be0</load_address>
         <readonly>true</readonly>
         <executable>true</executable>
         <run_address>0x2be0</run_address>
         <size>0x6</size>
         <alignment>0x2</alignment>
         <input_file_ref idref="fl-2a"/>
      </object_component>
      <object_component id="oc-12a">
         <name>.text.OUTLINED_FUNCTION_1</name>
         <load_address>0x2be6</load_address>
         <readonly>true</readonly>
         <executable>true</executable>
         <run_address>0x2be6</run_address>
         <size>0x6</size>
         <alignment>0x2</alignment>
         <input_file_ref idref="fl-29"/>
      </object_component>
      <object_component id="oc-151">
         <name>.text.OUTLINED_FUNCTION_1</name>
         <load_address>0x2bec</load_address>
         <readonly>true</readonly>
         <executable>true</executable>
         <run_address>0x2bec</run_address>
         <size>0x6</size>
         <alignment>0x2</alignment>
         <input_file_ref idref="fl-2a"/>
      </object_component>
      <object_component id="oc-92">
         <name>.text:abort</name>
         <load_address>0x2bf2</load_address>
         <readonly>true</readonly>
         <executable>true</executable>
         <run_address>0x2bf2</run_address>
         <size>0x6</size>
         <alignment>0x2</alignment>
         <input_file_ref idref="fl-37"/>
      </object_component>
      <object_component id="oc-db">
         <name>.text.HOSTexit</name>
         <load_address>0x2bf8</load_address>
         <readonly>true</readonly>
         <executable>true</executable>
         <run_address>0x2bf8</run_address>
         <size>0x4</size>
         <alignment>0x2</alignment>
         <input_file_ref idref="fl-eb"/>
      </object_component>
      <object_component id="oc-f7">
         <name>.text.OUTLINED_FUNCTION_2</name>
         <load_address>0x2bfc</load_address>
         <readonly>true</readonly>
         <executable>true</executable>
         <run_address>0x2bfc</run_address>
         <size>0x4</size>
         <alignment>0x2</alignment>
         <input_file_ref idref="fl-29"/>
      </object_component>
      <object_component id="oc-118">
         <name>.text.OUTLINED_FUNCTION_2</name>
         <load_address>0x2c00</load_address>
         <readonly>true</readonly>
         <executable>true</executable>
         <run_address>0x2c00</run_address>
         <size>0x4</size>
         <alignment>0x2</alignment>
         <input_file_ref idref="fl-2a"/>
      </object_component>
      <object_component id="oc-2f">
         <name>.text.Reset_Handler</name>
         <load_address>0x2c04</load_address>
         <readonly>true</readonly>
         <executable>true</executable>
         <run_address>0x2c04</run_address>
         <size>0x4</size>
         <alignment>0x2</alignment>
         <input_file_ref idref="fl-3"/>
      </object_component>
      <object_component id="oc-5f">
         <name>.text._system_pre_init</name>
         <load_address>0x2c08</load_address>
         <readonly>true</readonly>
         <executable>true</executable>
         <run_address>0x2c08</run_address>
         <size>0x4</size>
         <alignment>0x2</alignment>
         <input_file_ref idref="fl-2f"/>
      </object_component>
      <object_component id="oc-1b6">
         <name>__TI_handler_table</name>
         <load_address>0x2d78</load_address>
         <readonly>true</readonly>
         <run_address>0x2d78</run_address>
         <size>0xc</size>
         <alignment>0x4</alignment>
      </object_component>
      <object_component id="oc-1b9">
         <name>.cinit..bss.load</name>
         <load_address>0x2d84</load_address>
         <readonly>true</readonly>
         <run_address>0x2d84</run_address>
         <size>0x8</size>
         <alignment>0x4</alignment>
      </object_component>
      <object_component id="oc-1b8">
         <name>.cinit..data.load</name>
         <load_address>0x2d8c</load_address>
         <readonly>true</readonly>
         <run_address>0x2d8c</run_address>
         <size>0x7</size>
         <alignment>0x1</alignment>
      </object_component>
      <object_component id="oc-1b7">
         <name>__TI_cinit_table</name>
         <load_address>0x2d94</load_address>
         <readonly>true</readonly>
         <run_address>0x2d94</run_address>
         <size>0x10</size>
         <alignment>0x4</alignment>
      </object_component>
      <object_component id="oc-14b">
         <name>.rodata.ipio2</name>
         <load_address>0x2c10</load_address>
         <readonly>true</readonly>
         <run_address>0x2c10</run_address>
         <size>0x108</size>
         <alignment>0x4</alignment>
         <input_file_ref idref="fl-2b"/>
      </object_component>
      <object_component id="oc-14e">
         <name>.rodata.PIo2</name>
         <load_address>0x2d18</load_address>
         <readonly>true</readonly>
         <run_address>0x2d18</run_address>
         <size>0x40</size>
         <alignment>0x8</alignment>
         <input_file_ref idref="fl-2b"/>
      </object_component>
      <object_component id="oc-14a">
         <name>.rodata.cst16</name>
         <load_address>0x2d58</load_address>
         <readonly>true</readonly>
         <run_address>0x2d58</run_address>
         <size>0x10</size>
         <alignment>0x4</alignment>
         <input_file_ref idref="fl-2b"/>
      </object_component>
      <object_component id="oc-ef">
         <name>.rodata.gSPI_0_config</name>
         <load_address>0x2d68</load_address>
         <readonly>true</readonly>
         <run_address>0x2d68</run_address>
         <size>0xa</size>
         <alignment>0x2</alignment>
         <input_file_ref idref="fl-2"/>
      </object_component>
      <object_component id="oc-ee">
         <name>.rodata.gSPI_0_clockConfig</name>
         <load_address>0x2d72</load_address>
         <readonly>true</readonly>
         <run_address>0x2d72</run_address>
         <size>0x2</size>
         <alignment>0x1</alignment>
         <input_file_ref idref="fl-2"/>
      </object_component>
      <object_component id="oc-180">
         <name>.binit</name>
         <load_address>0x0</load_address>
         <readonly>true</readonly>
         <run_address>0x0</run_address>
         <size>0x0</size>
         <alignment>0x4</alignment>
      </object_component>
      <object_component id="oc-171">
         <name>.data.__aeabi_errno</name>
         <load_address>0x20200028</load_address>
         <readwrite>true</readwrite>
         <run_address>0x20200028</run_address>
         <size>0x4</size>
         <alignment>0x4</alignment>
         <input_file_ref idref="fl-36"/>
      </object_component>
      <object_component id="oc-b7">
         <name>.common:gSPI_0Backup</name>
         <uninitialized>true</uninitialized>
         <readwrite>true</readwrite>
         <run_address>0x20200000</run_address>
         <size>0x28</size>
         <alignment>0x4</alignment>
      </object_component>
      <object_component id="oc-1a">
         <name>.stack</name>
         <uninitialized>true</uninitialized>
         <readwrite>true</readwrite>
         <run_address>0x20207e00</run_address>
         <size>0x4</size>
         <alignment>0x4</alignment>
         <input_file_ref idref="fl-2c"/>
      </object_component>
      <object_component id="oc-1bb">
         <name>.stack</name>
         <uninitialized>true</uninitialized>
         <readwrite>true</readwrite>
         <run_address>0x20207e00</run_address>
         <size>0x0</size>
         <alignment>0x8</alignment>
      </object_component>
      <object_component id="oc-66">
         <name>.debug_loc</name>
         <load_address>0x0</load_address>
         <run_address>0x0</run_address>
         <size>0x116b</size>
         <alignment>0x1</alignment>
         <input_file_ref idref="fl-1"/>
      </object_component>
      <object_component id="oc-b5">
         <name>.debug_loc</name>
         <load_address>0x116b</load_address>
         <run_address>0x116b</run_address>
         <size>0x92</size>
         <alignment>0x1</alignment>
         <input_file_ref idref="fl-2"/>
      </object_component>
      <object_component id="oc-bc">
         <name>.debug_loc</name>
         <load_address>0x11fd</load_address>
         <run_address>0x11fd</run_address>
         <size>0x13</size>
         <alignment>0x1</alignment>
         <input_file_ref idref="fl-11"/>
      </object_component>
      <object_component id="oc-89">
         <name>.debug_loc</name>
         <load_address>0x1210</load_address>
         <run_address>0x1210</run_address>
         <size>0x88e</size>
         <alignment>0x1</alignment>
         <input_file_ref idref="fl-12"/>
      </object_component>
      <object_component id="oc-ce">
         <name>.debug_loc</name>
         <load_address>0x1a9e</load_address>
         <run_address>0x1a9e</run_address>
         <size>0x296</size>
         <alignment>0x1</alignment>
         <input_file_ref idref="fl-29"/>
      </object_component>
      <object_component id="oc-d7">
         <name>.debug_loc</name>
         <load_address>0x1d34</load_address>
         <run_address>0x1d34</run_address>
         <size>0x296</size>
         <alignment>0x1</alignment>
         <input_file_ref idref="fl-2a"/>
      </object_component>
      <object_component id="oc-10f">
         <name>.debug_loc</name>
         <load_address>0x1fca</load_address>
         <run_address>0x1fca</run_address>
         <size>0x8df</size>
         <alignment>0x1</alignment>
         <input_file_ref idref="fl-2b"/>
      </object_component>
      <object_component id="oc-3a">
         <name>.debug_loc</name>
         <load_address>0x28a9</load_address>
         <run_address>0x28a9</run_address>
         <size>0xd8</size>
         <alignment>0x1</alignment>
         <input_file_ref idref="fl-2c"/>
      </object_component>
      <object_component id="oc-9a">
         <name>.debug_loc</name>
         <load_address>0x2981</load_address>
         <run_address>0x2981</run_address>
         <size>0x424</size>
         <alignment>0x1</alignment>
         <input_file_ref idref="fl-2e"/>
      </object_component>
      <object_component id="oc-49">
         <name>.debug_loc</name>
         <load_address>0x2da5</load_address>
         <run_address>0x2da5</run_address>
         <size>0x16c</size>
         <alignment>0x1</alignment>
         <input_file_ref idref="fl-31"/>
      </object_component>
      <object_component id="oc-45">
         <name>.debug_loc</name>
         <load_address>0x2f11</load_address>
         <run_address>0x2f11</run_address>
         <size>0x6f</size>
         <alignment>0x1</alignment>
         <input_file_ref idref="fl-32"/>
      </object_component>
      <object_component id="oc-3d">
         <name>.debug_loc</name>
         <load_address>0x2f80</load_address>
         <run_address>0x2f80</run_address>
         <size>0x167</size>
         <alignment>0x1</alignment>
         <input_file_ref idref="fl-33"/>
      </object_component>
      <object_component id="oc-165">
         <name>.debug_loc</name>
         <load_address>0x30e7</load_address>
         <run_address>0x30e7</run_address>
         <size>0x257</size>
         <alignment>0x1</alignment>
         <input_file_ref idref="fl-34"/>
      </object_component>
      <object_component id="oc-162">
         <name>.debug_loc</name>
         <load_address>0x333e</load_address>
         <run_address>0x333e</run_address>
         <size>0x127</size>
         <alignment>0x1</alignment>
         <input_file_ref idref="fl-35"/>
      </object_component>
      <object_component id="oc-174">
         <name>.debug_loc</name>
         <load_address>0x3465</load_address>
         <run_address>0x3465</run_address>
         <size>0x101</size>
         <alignment>0x1</alignment>
         <input_file_ref idref="fl-36"/>
      </object_component>
      <object_component id="oc-98">
         <name>.debug_loc</name>
         <load_address>0x3566</load_address>
         <run_address>0x3566</run_address>
         <size>0x26</size>
         <alignment>0x1</alignment>
         <input_file_ref idref="fl-37"/>
      </object_component>
      <object_component id="oc-167">
         <name>.debug_loc</name>
         <load_address>0x358c</load_address>
         <run_address>0x358c</run_address>
         <size>0x363</size>
         <alignment>0x1</alignment>
         <input_file_ref idref="fl-111"/>
      </object_component>
      <object_component id="oc-170">
         <name>.debug_loc</name>
         <load_address>0x38ef</load_address>
         <run_address>0x38ef</run_address>
         <size>0x20</size>
         <alignment>0x1</alignment>
         <input_file_ref idref="fl-112"/>
      </object_component>
      <object_component id="oc-90">
         <name>.debug_abbrev</name>
         <load_address>0x0</load_address>
         <run_address>0x0</run_address>
         <size>0x200</size>
         <alignment>0x1</alignment>
         <input_file_ref idref="fl-1"/>
      </object_component>
      <object_component id="oc-b8">
         <name>.debug_abbrev</name>
         <load_address>0x200</load_address>
         <run_address>0x200</run_address>
         <size>0x1f8</size>
         <alignment>0x1</alignment>
         <input_file_ref idref="fl-2"/>
      </object_component>
      <object_component id="oc-34">
         <name>.debug_abbrev</name>
         <load_address>0x3f8</load_address>
         <run_address>0x3f8</run_address>
         <size>0x6d</size>
         <alignment>0x1</alignment>
         <input_file_ref idref="fl-3"/>
      </object_component>
      <object_component id="oc-ba">
         <name>.debug_abbrev</name>
         <load_address>0x465</load_address>
         <run_address>0x465</run_address>
         <size>0x62</size>
         <alignment>0x1</alignment>
         <input_file_ref idref="fl-11"/>
      </object_component>
      <object_component id="oc-bd">
         <name>.debug_abbrev</name>
         <load_address>0x4c7</load_address>
         <run_address>0x4c7</run_address>
         <size>0x277</size>
         <alignment>0x1</alignment>
         <input_file_ref idref="fl-12"/>
      </object_component>
      <object_component id="oc-115">
         <name>.debug_abbrev</name>
         <load_address>0x73e</load_address>
         <run_address>0x73e</run_address>
         <size>0x13e</size>
         <alignment>0x1</alignment>
         <input_file_ref idref="fl-29"/>
      </object_component>
      <object_component id="oc-11c">
         <name>.debug_abbrev</name>
         <load_address>0x87c</load_address>
         <run_address>0x87c</run_address>
         <size>0x13e</size>
         <alignment>0x1</alignment>
         <input_file_ref idref="fl-2a"/>
      </object_component>
      <object_component id="oc-14f">
         <name>.debug_abbrev</name>
         <load_address>0x9ba</load_address>
         <run_address>0x9ba</run_address>
         <size>0xfa</size>
         <alignment>0x1</alignment>
         <input_file_ref idref="fl-2b"/>
      </object_component>
      <object_component id="oc-36">
         <name>.debug_abbrev</name>
         <load_address>0xab4</load_address>
         <run_address>0xab4</run_address>
         <size>0xaf</size>
         <alignment>0x1</alignment>
         <input_file_ref idref="fl-2c"/>
      </object_component>
      <object_component id="oc-e5">
         <name>.debug_abbrev</name>
         <load_address>0xb63</load_address>
         <run_address>0xb63</run_address>
         <size>0x170</size>
         <alignment>0x1</alignment>
         <input_file_ref idref="fl-2e"/>
      </object_component>
      <object_component id="oc-7b">
         <name>.debug_abbrev</name>
         <load_address>0xcd3</load_address>
         <run_address>0xcd3</run_address>
         <size>0x39</size>
         <alignment>0x1</alignment>
         <input_file_ref idref="fl-2f"/>
      </object_component>
      <object_component id="oc-58">
         <name>.debug_abbrev</name>
         <load_address>0xd0c</load_address>
         <run_address>0xd0c</run_address>
         <size>0xc2</size>
         <alignment>0x1</alignment>
         <input_file_ref idref="fl-31"/>
      </object_component>
      <object_component id="oc-43">
         <name>.debug_abbrev</name>
         <load_address>0xdce</load_address>
         <run_address>0xdce</run_address>
         <size>0x70</size>
         <alignment>0x1</alignment>
         <input_file_ref idref="fl-32"/>
      </object_component>
      <object_component id="oc-3b">
         <name>.debug_abbrev</name>
         <load_address>0xe3e</load_address>
         <run_address>0xe3e</run_address>
         <size>0x8d</size>
         <alignment>0x1</alignment>
         <input_file_ref idref="fl-33"/>
      </object_component>
      <object_component id="oc-163">
         <name>.debug_abbrev</name>
         <load_address>0xecb</load_address>
         <run_address>0xecb</run_address>
         <size>0x7a</size>
         <alignment>0x1</alignment>
         <input_file_ref idref="fl-34"/>
      </object_component>
      <object_component id="oc-160">
         <name>.debug_abbrev</name>
         <load_address>0xf45</load_address>
         <run_address>0xf45</run_address>
         <size>0x88</size>
         <alignment>0x1</alignment>
         <input_file_ref idref="fl-35"/>
      </object_component>
      <object_component id="oc-172">
         <name>.debug_abbrev</name>
         <load_address>0xfcd</load_address>
         <run_address>0xfcd</run_address>
         <size>0x148</size>
         <alignment>0x1</alignment>
         <input_file_ref idref="fl-36"/>
      </object_component>
      <object_component id="oc-df">
         <name>.debug_abbrev</name>
         <load_address>0x1115</load_address>
         <run_address>0x1115</run_address>
         <size>0x98</size>
         <alignment>0x1</alignment>
         <input_file_ref idref="fl-37"/>
      </object_component>
      <object_component id="oc-11e">
         <name>.debug_abbrev</name>
         <load_address>0x11ad</load_address>
         <run_address>0x11ad</run_address>
         <size>0x2c</size>
         <alignment>0x1</alignment>
         <input_file_ref idref="fl-eb"/>
      </object_component>
      <object_component id="oc-130">
         <name>.debug_abbrev</name>
         <load_address>0x11d9</load_address>
         <run_address>0x11d9</run_address>
         <size>0x27</size>
         <alignment>0x1</alignment>
         <input_file_ref idref="fl-fb"/>
      </object_component>
      <object_component id="oc-131">
         <name>.debug_abbrev</name>
         <load_address>0x1200</load_address>
         <run_address>0x1200</run_address>
         <size>0x27</size>
         <alignment>0x1</alignment>
         <input_file_ref idref="fl-fc"/>
      </object_component>
      <object_component id="oc-132">
         <name>.debug_abbrev</name>
         <load_address>0x1227</load_address>
         <run_address>0x1227</run_address>
         <size>0x27</size>
         <alignment>0x1</alignment>
         <input_file_ref idref="fl-fd"/>
      </object_component>
      <object_component id="oc-129">
         <name>.debug_abbrev</name>
         <load_address>0x124e</load_address>
         <run_address>0x124e</run_address>
         <size>0x27</size>
         <alignment>0x1</alignment>
         <input_file_ref idref="fl-fe"/>
      </object_component>
      <object_component id="oc-f5">
         <name>.debug_abbrev</name>
         <load_address>0x1275</load_address>
         <run_address>0x1275</run_address>
         <size>0x27</size>
         <alignment>0x1</alignment>
         <input_file_ref idref="fl-ff"/>
      </object_component>
      <object_component id="oc-f6">
         <name>.debug_abbrev</name>
         <load_address>0x129c</load_address>
         <run_address>0x129c</run_address>
         <size>0x27</size>
         <alignment>0x1</alignment>
         <input_file_ref idref="fl-100"/>
      </object_component>
      <object_component id="oc-134">
         <name>.debug_abbrev</name>
         <load_address>0x12c3</load_address>
         <run_address>0x12c3</run_address>
         <size>0x27</size>
         <alignment>0x1</alignment>
         <input_file_ref idref="fl-102"/>
      </object_component>
      <object_component id="oc-133">
         <name>.debug_abbrev</name>
         <load_address>0x12ea</load_address>
         <run_address>0x12ea</run_address>
         <size>0x27</size>
         <alignment>0x1</alignment>
         <input_file_ref idref="fl-103"/>
      </object_component>
      <object_component id="oc-117">
         <name>.debug_abbrev</name>
         <load_address>0x1311</load_address>
         <run_address>0x1311</run_address>
         <size>0x27</size>
         <alignment>0x1</alignment>
         <input_file_ref idref="fl-104"/>
      </object_component>
      <object_component id="oc-15a">
         <name>.debug_abbrev</name>
         <load_address>0x1338</load_address>
         <run_address>0x1338</run_address>
         <size>0x27</size>
         <alignment>0x1</alignment>
         <input_file_ref idref="fl-105"/>
      </object_component>
      <object_component id="oc-f0">
         <name>.debug_abbrev</name>
         <load_address>0x135f</load_address>
         <run_address>0x135f</run_address>
         <size>0x27</size>
         <alignment>0x1</alignment>
         <input_file_ref idref="fl-106"/>
      </object_component>
      <object_component id="oc-153">
         <name>.debug_abbrev</name>
         <load_address>0x1386</load_address>
         <run_address>0x1386</run_address>
         <size>0x27</size>
         <alignment>0x1</alignment>
         <input_file_ref idref="fl-108"/>
      </object_component>
      <object_component id="oc-16d">
         <name>.debug_abbrev</name>
         <load_address>0x13ad</load_address>
         <run_address>0x13ad</run_address>
         <size>0x27</size>
         <alignment>0x1</alignment>
         <input_file_ref idref="fl-109"/>
      </object_component>
      <object_component id="oc-159">
         <name>.debug_abbrev</name>
         <load_address>0x13d4</load_address>
         <run_address>0x13d4</run_address>
         <size>0x27</size>
         <alignment>0x1</alignment>
         <input_file_ref idref="fl-10a"/>
      </object_component>
      <object_component id="oc-57">
         <name>.debug_abbrev</name>
         <load_address>0x13fb</load_address>
         <run_address>0x13fb</run_address>
         <size>0x27</size>
         <alignment>0x1</alignment>
         <input_file_ref idref="fl-10b"/>
      </object_component>
      <object_component id="oc-175">
         <name>.debug_abbrev</name>
         <load_address>0x1422</load_address>
         <run_address>0x1422</run_address>
         <size>0xc8</size>
         <alignment>0x1</alignment>
         <input_file_ref idref="fl-111"/>
      </object_component>
      <object_component id="oc-16e">
         <name>.debug_abbrev</name>
         <load_address>0x14ea</load_address>
         <run_address>0x14ea</run_address>
         <size>0x59</size>
         <alignment>0x1</alignment>
         <input_file_ref idref="fl-112"/>
      </object_component>
      <object_component id="oc-ab">
         <name>.debug_abbrev</name>
         <load_address>0x1543</load_address>
         <run_address>0x1543</run_address>
         <size>0x25</size>
         <alignment>0x1</alignment>
         <input_file_ref idref="fl-114"/>
      </object_component>
      <object_component id="oc-1bf">
         <name>.debug_abbrev</name>
         <load_address>0x1568</load_address>
         <run_address>0x1568</run_address>
         <size>0x23</size>
         <alignment>0x0</alignment>
      </object_component>
      <object_component id="oc-67">
         <name>.debug_info</name>
         <load_address>0x0</load_address>
         <run_address>0x0</run_address>
         <size>0x28f7</size>
         <alignment>0x1</alignment>
         <input_file_ref idref="fl-1"/>
      </object_component>
      <object_component id="oc-7e">
         <name>.debug_info</name>
         <load_address>0x28f7</load_address>
         <run_address>0x28f7</run_address>
         <size>0x1af5</size>
         <alignment>0x1</alignment>
         <input_file_ref idref="fl-2"/>
      </object_component>
      <object_component id="oc-19">
         <name>.debug_info</name>
         <load_address>0x43ec</load_address>
         <run_address>0x43ec</run_address>
         <size>0x80</size>
         <alignment>0x1</alignment>
         <input_file_ref idref="fl-3"/>
      </object_component>
      <object_component id="oc-84">
         <name>.debug_info</name>
         <load_address>0x446c</load_address>
         <run_address>0x446c</run_address>
         <size>0x75</size>
         <alignment>0x1</alignment>
         <input_file_ref idref="fl-11"/>
      </object_component>
      <object_component id="oc-8a">
         <name>.debug_info</name>
         <load_address>0x44e1</load_address>
         <run_address>0x44e1</run_address>
         <size>0x118a</size>
         <alignment>0x1</alignment>
         <input_file_ref idref="fl-12"/>
      </object_component>
      <object_component id="oc-cd">
         <name>.debug_info</name>
         <load_address>0x566b</load_address>
         <run_address>0x566b</run_address>
         <size>0x500</size>
         <alignment>0x1</alignment>
         <input_file_ref idref="fl-29"/>
      </object_component>
      <object_component id="oc-d8">
         <name>.debug_info</name>
         <load_address>0x5b6b</load_address>
         <run_address>0x5b6b</run_address>
         <size>0x500</size>
         <alignment>0x1</alignment>
         <input_file_ref idref="fl-2a"/>
      </object_component>
      <object_component id="oc-111">
         <name>.debug_info</name>
         <load_address>0x606b</load_address>
         <run_address>0x606b</run_address>
         <size>0x36f</size>
         <alignment>0x1</alignment>
         <input_file_ref idref="fl-2b"/>
      </object_component>
      <object_component id="oc-1b">
         <name>.debug_info</name>
         <load_address>0x63da</load_address>
         <run_address>0x63da</run_address>
         <size>0x423</size>
         <alignment>0x1</alignment>
         <input_file_ref idref="fl-2c"/>
      </object_component>
      <object_component id="oc-9d">
         <name>.debug_info</name>
         <load_address>0x67fd</load_address>
         <run_address>0x67fd</run_address>
         <size>0x744</size>
         <alignment>0x1</alignment>
         <input_file_ref idref="fl-2e"/>
      </object_component>
      <object_component id="oc-60">
         <name>.debug_info</name>
         <load_address>0x6f41</load_address>
         <run_address>0x6f41</run_address>
         <size>0x46</size>
         <alignment>0x1</alignment>
         <input_file_ref idref="fl-2f"/>
      </object_component>
      <object_component id="oc-4b">
         <name>.debug_info</name>
         <load_address>0x6f87</load_address>
         <run_address>0x6f87</run_address>
         <size>0x192</size>
         <alignment>0x1</alignment>
         <input_file_ref idref="fl-31"/>
      </object_component>
      <object_component id="oc-21">
         <name>.debug_info</name>
         <load_address>0x7119</load_address>
         <run_address>0x7119</run_address>
         <size>0xc6</size>
         <alignment>0x1</alignment>
         <input_file_ref idref="fl-32"/>
      </object_component>
      <object_component id="oc-1f">
         <name>.debug_info</name>
         <load_address>0x71df</load_address>
         <run_address>0x71df</run_address>
         <size>0x17c</size>
         <alignment>0x1</alignment>
         <input_file_ref idref="fl-33"/>
      </object_component>
      <object_component id="oc-143">
         <name>.debug_info</name>
         <load_address>0x735b</load_address>
         <run_address>0x735b</run_address>
         <size>0x106</size>
         <alignment>0x1</alignment>
         <input_file_ref idref="fl-34"/>
      </object_component>
      <object_component id="oc-13f">
         <name>.debug_info</name>
         <load_address>0x7461</load_address>
         <run_address>0x7461</run_address>
         <size>0x128</size>
         <alignment>0x1</alignment>
         <input_file_ref idref="fl-35"/>
      </object_component>
      <object_component id="oc-15d">
         <name>.debug_info</name>
         <load_address>0x7589</load_address>
         <run_address>0x7589</run_address>
         <size>0x33d</size>
         <alignment>0x1</alignment>
         <input_file_ref idref="fl-36"/>
      </object_component>
      <object_component id="oc-96">
         <name>.debug_info</name>
         <load_address>0x78c6</load_address>
         <run_address>0x78c6</run_address>
         <size>0xf8</size>
         <alignment>0x1</alignment>
         <input_file_ref idref="fl-37"/>
      </object_component>
      <object_component id="oc-dc">
         <name>.debug_info</name>
         <load_address>0x79be</load_address>
         <run_address>0x79be</run_address>
         <size>0x3b</size>
         <alignment>0x1</alignment>
         <input_file_ref idref="fl-eb"/>
      </object_component>
      <object_component id="oc-fc">
         <name>.debug_info</name>
         <load_address>0x79f9</load_address>
         <run_address>0x79f9</run_address>
         <size>0x199</size>
         <alignment>0x1</alignment>
         <input_file_ref idref="fl-fb"/>
      </object_component>
      <object_component id="oc-100">
         <name>.debug_info</name>
         <load_address>0x7b92</load_address>
         <run_address>0x7b92</run_address>
         <size>0x199</size>
         <alignment>0x1</alignment>
         <input_file_ref idref="fl-fc"/>
      </object_component>
      <object_component id="oc-102">
         <name>.debug_info</name>
         <load_address>0x7d2b</load_address>
         <run_address>0x7d2b</run_address>
         <size>0x17f</size>
         <alignment>0x1</alignment>
         <input_file_ref idref="fl-fd"/>
      </object_component>
      <object_component id="oc-f4">
         <name>.debug_info</name>
         <load_address>0x7eaa</load_address>
         <run_address>0x7eaa</run_address>
         <size>0x181</size>
         <alignment>0x1</alignment>
         <input_file_ref idref="fl-fe"/>
      </object_component>
      <object_component id="oc-c4">
         <name>.debug_info</name>
         <load_address>0x802b</load_address>
         <run_address>0x802b</run_address>
         <size>0x17f</size>
         <alignment>0x1</alignment>
         <input_file_ref idref="fl-ff"/>
      </object_component>
      <object_component id="oc-c8">
         <name>.debug_info</name>
         <load_address>0x81aa</load_address>
         <run_address>0x81aa</run_address>
         <size>0x17f</size>
         <alignment>0x1</alignment>
         <input_file_ref idref="fl-100"/>
      </object_component>
      <object_component id="oc-10d">
         <name>.debug_info</name>
         <load_address>0x8329</load_address>
         <run_address>0x8329</run_address>
         <size>0x189</size>
         <alignment>0x1</alignment>
         <input_file_ref idref="fl-102"/>
      </object_component>
      <object_component id="oc-106">
         <name>.debug_info</name>
         <load_address>0x84b2</load_address>
         <run_address>0x84b2</run_address>
         <size>0x181</size>
         <alignment>0x1</alignment>
         <input_file_ref idref="fl-103"/>
      </object_component>
      <object_component id="oc-d3">
         <name>.debug_info</name>
         <load_address>0x8633</load_address>
         <run_address>0x8633</run_address>
         <size>0x181</size>
         <alignment>0x1</alignment>
         <input_file_ref idref="fl-104"/>
      </object_component>
      <object_component id="oc-13b">
         <name>.debug_info</name>
         <load_address>0x87b4</load_address>
         <run_address>0x87b4</run_address>
         <size>0x185</size>
         <alignment>0x1</alignment>
         <input_file_ref idref="fl-105"/>
      </object_component>
      <object_component id="oc-c0">
         <name>.debug_info</name>
         <load_address>0x8939</load_address>
         <run_address>0x8939</run_address>
         <size>0x185</size>
         <alignment>0x1</alignment>
         <input_file_ref idref="fl-106"/>
      </object_component>
      <object_component id="oc-12d">
         <name>.debug_info</name>
         <load_address>0x8abe</load_address>
         <run_address>0x8abe</run_address>
         <size>0x187</size>
         <alignment>0x1</alignment>
         <input_file_ref idref="fl-108"/>
      </object_component>
      <object_component id="oc-149">
         <name>.debug_info</name>
         <load_address>0x8c45</load_address>
         <run_address>0x8c45</run_address>
         <size>0x209</size>
         <alignment>0x1</alignment>
         <input_file_ref idref="fl-109"/>
      </object_component>
      <object_component id="oc-136">
         <name>.debug_info</name>
         <load_address>0x8e4e</load_address>
         <run_address>0x8e4e</run_address>
         <size>0x1ab</size>
         <alignment>0x1</alignment>
         <input_file_ref idref="fl-10a"/>
      </object_component>
      <object_component id="oc-40">
         <name>.debug_info</name>
         <load_address>0x8ff9</load_address>
         <run_address>0x8ff9</run_address>
         <size>0x18b</size>
         <alignment>0x1</alignment>
         <input_file_ref idref="fl-10b"/>
      </object_component>
      <object_component id="oc-168">
         <name>.debug_info</name>
         <load_address>0x9184</load_address>
         <run_address>0x9184</run_address>
         <size>0x2f9</size>
         <alignment>0x1</alignment>
         <input_file_ref idref="fl-111"/>
      </object_component>
      <object_component id="oc-157">
         <name>.debug_info</name>
         <load_address>0x947d</load_address>
         <run_address>0x947d</run_address>
         <size>0x85</size>
         <alignment>0x1</alignment>
         <input_file_ref idref="fl-112"/>
      </object_component>
      <object_component id="oc-75">
         <name>.debug_info</name>
         <load_address>0x9502</load_address>
         <run_address>0x9502</run_address>
         <size>0x2f3</size>
         <alignment>0x1</alignment>
         <input_file_ref idref="fl-114"/>
      </object_component>
      <object_component id="oc-1be">
         <name>.debug_info</name>
         <load_address>0x97f5</load_address>
         <run_address>0x97f5</run_address>
[...]
      </symbol>
      <symbol id="sm-5">
         <name>__TI_CINIT_Base</name>
         <value>0x2d94</value>
      </symbol>
      <symbol id="sm-6">
         <name>__TI_CINIT_Limit</name>
         <value>0x2da4</value>
      </symbol>
      <symbol id="sm-7">
         <name>__TI_CINIT_Warm</name>
         <value>0x2da4</value>
      </symbol>
      <symbol id="sm-8">
         <name>__TI_Handler_Table_Base</name>
         <value>0x2d78</value>
      </symbol>
      <symbol id="sm-9">
         <name>__TI_Handler_Table_Limit</name>
         <value>0x2d84</value>
      </symbol>
      <symbol id="sm-a">
         <name>binit</name>
         <value>0xffffffff</value>
      </symbol>
      <symbol id="sm-b">
         <name>__binit__</name>
         <value>0xffffffff</value>
      </symbol>
      <symbol id="sm-c">
         <name>__STACK_SIZE</name>
         <value>0x200</value>
      </symbol>
      <symbol id="sm-d">
         <name>__STACK_END</name>
         <value>0x20208000</value>
      </symbol>
      <symbol id="sm-e">
         <name>__TI_pprof_out_hndl</name>
         <value>0xffffffff</value>
      </symbol>
      <symbol id="sm-f">
         <name>__TI_prof_data_start</name>
         <value>0xffffffff</value>
      </symbol>
      <symbol id="sm-10">
         <name>__TI_prof_data_size</name>
         <value>0xffffffff</value>
      </symbol>
      <symbol id="sm-53">
         <name>main</name>
         <value>0xc1</value>
         <object_component_ref idref="oc-63"/>
      </symbol>
      <symbol id="sm-6e">
         <name>SYSCFG_DL_init</name>
         <value>0x2afd</value>
         <object_component_ref idref="oc-7d"/>
      </symbol>
      <symbol id="sm-6f">
         <name>SYSCFG_DL_initPower</name>
         <value>0x2a45</value>
         <object_component_ref idref="oc-b2"/>
      </symbol>
      <symbol id="sm-70">
         <name>SYSCFG_DL_GPIO_init</name>
         <value>0x27ed</value>
         <object_component_ref idref="oc-b3"/>
      </symbol>
      <symbol id="sm-71">
         <name>SYSCFG_DL_SYSCTL_init</name>
         <value>0x2a79</value>
         <object_component_ref idref="oc-b4"/>
      </symbol>
      <symbol id="sm-72">
         <name>SYSCFG_DL_SPI_0_init</name>
         <value>0x288d</value>
         <object_component_ref idref="oc-b6"/>
      </symbol>
      <symbol id="sm-73">
         <name>gSPI_0Backup</name>
         <value>0x20200000</value>
      </symbol>
      <symbol id="sm-7e">
         <name>Default_Handler</name>
         <value>0x1a17</value>
         <object_component_ref idref="oc-33"/>
      </symbol>
      <symbol id="sm-7f">
         <name>Reset_Handler</name>
         <value>0x2c05</value>
         <object_component_ref idref="oc-2f"/>
      </symbol>
      <symbol id="sm-80">
         <name>interruptVectors</name>
         <value>0x0</value>
         <object_component_ref idref="oc-18"/>
      </symbol>
      <symbol id="sm-81">
         <name>NMI_Handler</name>
         <value>0x1a17</value>
         <object_component_ref idref="oc-33"/>
      </symbol>
      <symbol id="sm-82">
         <name>HardFault_Handler</name>
         <value>0x1a17</value>
         <object_component_ref idref="oc-33"/>
      </symbol>
      <symbol id="sm-83">
         <name>SVC_Handler</name>
         <value>0x1a17</value>
         <object_component_ref idref="oc-33"/>
      </symbol>
      <symbol id="sm-84">
         <name>PendSV_Handler</name>
         <value>0x1a17</value>
         <object_component_ref idref="oc-33"/>
      </symbol>
      <symbol id="sm-85">
         <name>SysTick_Handler</name>
         <value>0x1a17</value>
         <object_component_ref idref="oc-33"/>
      </symbol>
      <symbol id="sm-86">
         <name>GROUP0_IRQHandler</name>
         <value>0x1a17</value>
         <object_component_ref idref="oc-33"/>
      </symbol>
      <symbol id="sm-87">
         <name>GROUP1_IRQHandler</name>
         <value>0x1a17</value>
         <object_component_ref idref="oc-33"/>
      </symbol>
      <symbol id="sm-88">
         <name>TIMG8_IRQHandler</name>
         <value>0x1a17</value>
         <object_component_ref idref="oc-33"/>
      </symbol>
      <symbol id="sm-89">
         <name>UART3_IRQHandler</name>
         <value>0x1a17</value>
         <object_component_ref idref="oc-33"/>
      </symbol>
      <symbol id="sm-8a">
         <name>ADC0_IRQHandler</name>
         <value>0x1a17</value>
         <object_component_ref idref="oc-33"/>
      </symbol>
      <symbol id="sm-8b">
         <name>ADC1_IRQHandler</name>
         <value>0x1a17</value>
         <object_component_ref idref="oc-33"/>
      </symbol>
      <symbol id="sm-8c">
         <name>CANFD0_IRQHandler</name>
         <value>0x1a17</value>
         <object_component_ref idref="oc-33"/>
      </symbol>
      <symbol id="sm-8d">
         <name>DAC0_IRQHandler</name>
         <value>0x1a17</value>
         <object_component_ref idref="oc-33"/>
      </symbol>
      <symbol id="sm-8e">
         <name>SPI0_IRQHandler</name>
         <value>0x1a17</value>
         <object_component_ref idref="oc-33"/>
      </symbol>
      <symbol id="sm-8f">
         <name>SPI1_IRQHandler</name>
         <value>0x1a17</value>
         <object_component_ref idref="oc-33"/>
      </symbol>
      <symbol id="sm-90">
         <name>UART1_IRQHandler</name>
         <value>0x1a17</value>
         <object_component_ref idref="oc-33"/>
      </symbol>
      <symbol id="sm-91">
         <name>UART2_IRQHandler</name>
         <value>0x1a17</value>
         <object_component_ref idref="oc-33"/>
      </symbol>
      <symbol id="sm-92">
         <name>UART0_IRQHandler</name>
         <value>0x1a17</value>
         <object_component_ref idref="oc-33"/>
      </symbol>
      <symbol id="sm-93">
         <name>TIMG0_IRQHandler</name>
         <value>0x1a17</value>
         <object_component_ref idref="oc-33"/>
      </symbol>
      <symbol id="sm-94">
         <name>TIMG6_IRQHandler</name>
         <value>0x1a17</value>
         <object_component_ref idref="oc-33"/>
      </symbol>
      <symbol id="sm-95">
         <name>TIMA0_IRQHandler</name>
         <value>0x1a17</value>
         <object_component_ref idref="oc-33"/>
      </symbol>
      <symbol id="sm-96">
         <name>TIMA1_IRQHandler</name>
         <value>0x1a17</value>
         <object_component_ref idref="oc-33"/>
      </symbol>
      <symbol id="sm-97">
         <name>TIMG7_IRQHandler</name>
         <value>0x1a17</value>
         <object_component_ref idref="oc-33"/>
      </symbol>
      <symbol id="sm-98">
         <name>TIMG12_IRQHandler</name>
         <value>0x1a17</value>
         <object_component_ref idref="oc-33"/>
      </symbol>
      <symbol id="sm-99">
         <name>I2C0_IRQHandler</name>
         <value>0x1a17</value>
         <object_component_ref idref="oc-33"/>
      </symbol>
      <symbol id="sm-9a">
         <name>I2C1_IRQHandler</name>
         <value>0x1a17</value>
         <object_component_ref idref="oc-33"/>
      </symbol>
      <symbol id="sm-9b">
         <name>AES_IRQHandler</name>
         <value>0x1a17</value>
         <object_component_ref idref="oc-33"/>
      </symbol>
      <symbol id="sm-9c">
         <name>RTC_IRQHandler</name>
         <value>0x1a17</value>
         <object_component_ref idref="oc-33"/>
      </symbol>
      <symbol id="sm-9d">
         <name>DMA_IRQHandler</name>
         <value>0x1a17</value>
         <object_component_ref idref="oc-33"/>
      </symbol>
      <symbol id="sm-9e">
         <name>__TI_ATRegion0_src_addr</name>
         <value>0x0</value>
      </symbol>
      <symbol id="sm-9f">
         <name>__TI_ATRegion0_trg_addr</name>
         <value>0x0</value>
      </symbol>
      <symbol id="sm-a0">
         <name>__TI_ATRegion0_region_sz</name>
         <value>0x0</value>
      </symbol>
      <symbol id="sm-a1">
         <name>__TI_ATRegion1_src_addr</name>
         <value>0x0</value>
      </symbol>
      <symbol id="sm-a2">
         <name>__TI_ATRegion1_trg_addr</name>
         <value>0x0</value>
      </symbol>
      <symbol id="sm-a3">
         <name>__TI_ATRegion1_region_sz</name>
         <value>0x0</value>
      </symbol>
      <symbol id="sm-a4">
         <name>__TI_ATRegion2_src_addr</name>
         <value>0x0</value>
      </symbol>
      <symbol id="sm-a5">
         <name>__TI_ATRegion2_trg_addr</name>
         <value>0x0</value>
      </symbol>
      <symbol id="sm-a6">
         <name>__TI_ATRegion2_region_sz</name>
         <value>0x0</value>
      </symbol>
      <symbol id="sm-af">
         <name>DL_Common_delayCycles</name>
         <value>0x2b8f</value>
         <object_component_ref idref="oc-82"/>
      </symbol>
      <symbol id="sm-bf">
         <name>DL_SPI_init</name>
         <value>0x28d5</value>
         <object_component_ref idref="oc-ed"/>
      </symbol>
      <symbol id="sm-c0">
         <name>DL_SPI_setClockConfig</name>
         <value>0x2b5b</value>
         <object_component_ref idref="oc-ec"/>
      </symbol>
      <symbol id="sm-c1">
         <name>DL_SPI_fillTXFIFO8</name>
         <value>0x2799</value>
         <object_component_ref idref="oc-88"/>
      </symbol>
      <symbol id="sm-e0">
         <name>cosf</name>
         <value>0x14e9</value>
         <object_component_ref idref="oc-cb"/>
      </symbol>
      <symbol id="sm-ff">
         <name>sinf</name>
         <value>0x16bd</value>
         <object_component_ref idref="oc-d5"/>
      </symbol>
      <symbol id="sm-11b">
         <name>__kernel_rem_pio2</name>
         <value>0xea5</value>
         <object_component_ref idref="oc-10e"/>
      </symbol>
      <symbol id="sm-126">
         <name>_c_int00_noargs</name>
         <value>0x2ad5</value>
         <object_component_ref idref="oc-4f"/>
      </symbol>
      <symbol id="sm-127">
         <name>__stack</name>
         <value>0x20207e00</value>
         <object_component_ref idref="oc-1a"/>
      </symbol>
      <symbol id="sm-133">
         <name>__TI_auto_init_nobinit_nopinit</name>
         <value>0x2995</value>
         <object_component_ref idref="oc-99"/>
      </symbol>
      <symbol id="sm-13b">
         <name>_system_pre_init</name>
         <value>0x2c09</value>
         <object_component_ref idref="oc-5f"/>
      </symbol>
      <symbol id="sm-146">
         <name>__TI_zero_init_nomemset</name>
         <value>0x2b45</value>
         <object_component_ref idref="oc-46"/>
      </symbol>
      <symbol id="sm-14f">
         <name>__TI_decompress_none</name>
         <value>0x2b6d</value>
         <object_component_ref idref="oc-20"/>
      </symbol>
      <symbol id="sm-15a">
         <name>__TI_decompress_lzss</name>
         <value>0x2511</value>
         <object_component_ref idref="oc-1c"/>
      </symbol>
      <symbol id="sm-164">
         <name>floor</name>
         <value>0x1a19</value>
         <object_component_ref idref="oc-142"/>
      </symbol>
      <symbol id="sm-165">
         <name>floorl</name>
         <value>0x1a19</value>
         <object_component_ref idref="oc-142"/>
      </symbol>
      <symbol id="sm-16f">
         <name>scalbn</name>
         <value>0x1d19</value>
         <object_component_ref idref="oc-13e"/>
      </symbol>
      <symbol id="sm-170">
         <name>ldexp</name>
         <value>0x1d19</value>
         <object_component_ref idref="oc-13e"/>
      </symbol>
      <symbol id="sm-171">
         <name>scalbnl</name>
         <value>0x1d19</value>
         <object_component_ref idref="oc-13e"/>
      </symbol>
      <symbol id="sm-172">
         <name>ldexpl</name>
         <value>0x1d19</value>
         <object_component_ref idref="oc-13e"/>
      </symbol>
      <symbol id="sm-17d">
         <name>__aeabi_errno_addr</name>
         <value>0x2bb9</value>
         <object_component_ref idref="oc-15b"/>
      </symbol>
      <symbol id="sm-17e">
         <name>__aeabi_errno</name>
         <value>0x20200028</value>
         <object_component_ref idref="oc-171"/>
      </symbol>
      <symbol id="sm-188">
         <name>abort</name>
         <value>0x2bf3</value>
         <object_component_ref idref="oc-92"/>
      </symbol>
      <symbol id="sm-1a3">
         <name>HOSTexit</name>
         <value>0x2bf9</value>
         <object_component_ref idref="oc-db"/>
      </symbol>
      <symbol id="sm-1a4">
         <name>C$$EXIT</name>
         <value>0x2bf8</value>
         <object_component_ref idref="oc-db"/>
      </symbol>
      <symbol id="sm-1b9">
         <name>__aeabi_fadd</name>
         <value>0x1dfb</value>
         <object_component_ref idref="oc-f9"/>
      </symbol>
      <symbol id="sm-1ba">
         <name>__addsf3</name>
         <value>0x1dfb</value>
         <object_component_ref idref="oc-f9"/>
      </symbol>
      <symbol id="sm-1bb">
         <name>__aeabi_fsub</name>
         <value>0x1df1</value>
         <object_component_ref idref="oc-f9"/>
      </symbol>
      <symbol id="sm-1bc">
         <name>__subsf3</name>
         <value>0x1df1</value>
         <object_component_ref idref="oc-f9"/>
      </symbol>
      <symbol id="sm-1c2">
         <name>__aeabi_dadd</name>
         <value>0x188f</value>
         <object_component_ref idref="oc-fd"/>
      </symbol>
      <symbol id="sm-1c3">
         <name>__adddf3</name>
         <value>0x188f</value>
         <object_component_ref idref="oc-fd"/>
      </symbol>
      <symbol id="sm-1c4">
         <name>__aeabi_dsub</name>
         <value>0x1885</value>
         <object_component_ref idref="oc-fd"/>
      </symbol>
      <symbol id="sm-1c5">
         <name>__subdf3</name>
         <value>0x1885</value>
         <object_component_ref idref="oc-fd"/>
      </symbol>
      <symbol id="sm-1ce">
         <name>__aeabi_dmul</name>
         <value>0x1b5d</value>
         <object_component_ref idref="oc-101"/>
      </symbol>
      <symbol id="sm-1cf">
         <name>__muldf3</name>
         <value>0x1b5d</value>
         <object_component_ref idref="oc-101"/>
      </symbol>
      <symbol id="sm-1d8">
         <name>__muldsi3</name>
         <value>0x29d1</value>
         <object_component_ref idref="oc-f1"/>
      </symbol>
      <symbol id="sm-1de">
         <name>__aeabi_fmul</name>
         <value>0x2401</value>
         <object_component_ref idref="oc-c3"/>
      </symbol>
      <symbol id="sm-1df">
         <name>__mulsf3</name>
         <value>0x2401</value>
         <object_component_ref idref="oc-c3"/>
      </symbol>
      <symbol id="sm-1e5">
         <name>__aeabi_fdiv</name>
         <value>0x248d</value>
         <object_component_ref idref="oc-c7"/>
      </symbol>
      <symbol id="sm-1e6">
         <name>__divsf3</name>
         <value>0x248d</value>
         <object_component_ref idref="oc-c7"/>
      </symbol>
      <symbol id="sm-1ec">
         <name>__aeabi_f2d</name>
         <value>0x2919</value>
         <object_component_ref idref="oc-10a"/>
      </symbol>
      <symbol id="sm-1ed">
         <name>__extendsfdf2</name>
         <value>0x2919</value>
         <object_component_ref idref="oc-10a"/>
      </symbol>
      <symbol id="sm-1f3">
         <name>__aeabi_d2iz</name>
         <value>0x2841</value>
         <object_component_ref idref="oc-105"/>
      </symbol>
      <symbol id="sm-1f4">
         <name>__fixdfsi</name>
         <value>0x2841</value>
         <object_component_ref idref="oc-105"/>
      </symbol>
      <symbol id="sm-1fa">
         <name>__aeabi_f2iz</name>
         <value>0x2a0d</value>
         <object_component_ref idref="oc-d1"/>
      </symbol>
      <symbol id="sm-1fb">
         <name>__fixsfsi</name>
         <value>0x2a0d</value>
         <object_component_ref idref="oc-d1"/>
      </symbol>
      <symbol id="sm-201">
         <name>__aeabi_i2d</name>
         <value>0x2aa9</value>
         <object_component_ref idref="oc-139"/>
      </symbol>
      <symbol id="sm-202">
         <name>__floatsidf</name>
         <value>0x2aa9</value>
         <object_component_ref idref="oc-139"/>
      </symbol>
      <symbol id="sm-208">
         <name>__aeabi_i2f</name>
         <value>0x2959</value>
         <object_component_ref idref="oc-bf"/>
      </symbol>
      <symbol id="sm-209">
         <name>__floatsisf</name>
         <value>0x2959</value>
         <object_component_ref idref="oc-bf"/>
      </symbol>
      <symbol id="sm-210">
         <name>__aeabi_d2f</name>
         <value>0x2601</value>
         <object_component_ref idref="oc-12c"/>
      </symbol>
      <symbol id="sm-211">
         <name>__truncdfsf2</name>
         <value>0x2601</value>
         <object_component_ref idref="oc-12c"/>
      </symbol>
      <symbol id="sm-217">
         <name>__aeabi_dcmpeq</name>
         <value>0x26dd</value>
         <object_component_ref idref="oc-146"/>
      </symbol>
      <symbol id="sm-218">
         <name>__aeabi_dcmplt</name>
         <value>0x26f1</value>
         <object_component_ref idref="oc-146"/>
      </symbol>
      <symbol id="sm-219">
         <name>__aeabi_dcmple</name>
         <value>0x2705</value>
         <object_component_ref idref="oc-146"/>
      </symbol>
      <symbol id="sm-21a">
         <name>__aeabi_dcmpge</name>
         <value>0x2719</value>
         <object_component_ref idref="oc-146"/>
      </symbol>
      <symbol id="sm-21b">
         <name>__aeabi_dcmpgt</name>
         <value>0x272d</value>
         <object_component_ref idref="oc-146"/>
      </symbol>
      <symbol id="sm-221">
         <name>__aeabi_idiv</name>
         <value>0x2741</value>
         <object_component_ref idref="oc-135"/>
      </symbol>
      <symbol id="sm-222">
         <name>__aeabi_idivmod</name>
         <value>0x2741</value>
         <object_component_ref idref="oc-135"/>
      </symbol>
      <symbol id="sm-228">
         <name>__aeabi_memcpy</name>
         <value>0x2bc1</value>
         <object_component_ref idref="oc-3f"/>
      </symbol>
      <symbol id="sm-229">
         <name>__aeabi_memcpy4</name>
         <value>0x2bc1</value>
         <object_component_ref idref="oc-3f"/>
      </symbol>
      <symbol id="sm-22a">
         <name>__aeabi_memcpy8</name>
         <value>0x2bc1</value>
         <object_component_ref idref="oc-3f"/>
      </symbol>
      <symbol id="sm-238">
         <name>__ledf2</name>
         <value>0x2675</value>
         <object_component_ref idref="oc-166"/>
      </symbol>
      <symbol id="sm-239">
         <name>__gedf2</name>
         <value>0x258d</value>
         <object_component_ref idref="oc-16c"/>
      </symbol>
      <symbol id="sm-23a">
         <name>__cmpdf2</name>
         <value>0x2675</value>
         <object_component_ref idref="oc-166"/>
      </symbol>
      <symbol id="sm-23b">
         <name>__eqdf2</name>
         <value>0x2675</value>
         <object_component_ref idref="oc-166"/>
      </symbol>
      <symbol id="sm-23c">
         <name>__ltdf2</name>
         <value>0x2675</value>
         <object_component_ref idref="oc-166"/>
      </symbol>
      <symbol id="sm-23d">
         <name>__nedf2</name>
         <value>0x2675</value>
         <object_component_ref idref="oc-166"/>
      </symbol>
      <symbol id="sm-23e">
         <name>__gtdf2</name>
         <value>0x258d</value>
         <object_component_ref idref="oc-16c"/>
      </symbol>
      <symbol id="sm-248">
         <name>__aeabi_idiv0</name>
         <value>0x23ff</value>
         <object_component_ref idref="oc-154"/>
      </symbol>
      <symbol id="sm-262">
         <name>memcpy</name>
         <value>0x2365</value>
         <object_component_ref idref="oc-78"/>
      </symbol>
      <symbol id="sm-263">
         <name>__TI_static_base__</name>
         <value>0x0</value>
      </symbol>
      <symbol id="sm-267">
         <name>__mpu_init</name>
         <value>0x0</value>
      </symbol>
      <symbol id="sm-268">
         <name>_system_post_cinit</name>
         <value>0x0</value>
      </symbol>
   </symbol_table>
   <title>Link successful</title>
</link_info>
