******************************************************************************
            TI ARM Clang Linker PC v4.0.4                      
******************************************************************************
>> Linked Sat Jan 10 23:40:33 2026

OUTPUT FILE NAME:   <main_project.out>
ENTRY POINT SYMBOL: "_c_int00_noargs"  address: 000039c9


MEMORY CONFIGURATION

         name            origin    length      used     unused   attr    fill
----------------------  --------  ---------  --------  --------  ----  --------
  FLASH                 00000000   00020000  00003c88  0001c378  R  X
  SRAM                  20200000   00008000  000003a4  00007c5c  RW X
  BCR_CONFIG            41c00000   000000ff  00000000  000000ff  R   
  BSL_CONFIG            41c00100   00000080  00000000  00000080  R   


SEGMENT ALLOCATION MAP

run origin  load origin   length   init length attrs members
----------  ----------- ---------- ----------- ----- -------
00000000    00000000    00003c88   00003c88    r-x
  00000000    00000000    000000c0   000000c0    r-- .intvecs
  000000c0    000000c0    00003a08   00003a08    r-x .text
  00003ac8    00003ac8    00000190   00000190    r-- .rodata
  00003c58    00003c58    00000030   00000030    r-- .cinit
20200000    20200000    000001a4   00000000    rw-
  20200000    20200000    000001a0   00000000    rw- .bss
  202001a0    202001a0    00000004   00000000    rw- .data
20207e00    20207e00    00000200   00000000    rw-
  20207e00    20207e00    00000200   00000000    rw- .stack


SECTION ALLOCATION MAP

 output                                  attributes/
section   page    origin      length       input sections
--------  ----  ----------  ----------   ----------------
.intvecs   0    00000000    000000c0     
                  00000000    000000c0     startup_mspm0g350x_ticlang.o (.intvecs)

.text      0    000000c0    00003a08     
                  000000c0    00001c28     empty.o (.text.display_meter_screen)
                  00001ce8    000008e4     empty.o (.text.main)
                  000025cc    00000848     empty.o (.text.send_sensor_data)
                  00002e14    000003e0     empty.o (.text.lcd_draw_string)
                  000031f4    000001a4     empty.o (.text.lcd_set_window)
                  00003398    00000104     driverlib.a : dl_timer.o (.text.DL_Timer_initFourCCPWMMode)
                  0000349c    0000009a     libc.a : memcpy16.S.obj (.text:memcpy)
                  00003536    00000002     startup_mspm0g350x_ticlang.o (.text.Default_Handler)
                  00003538    0000007c     libc.a : copy_decompress_lzss.c.obj (.text:decompress:lzss)
                  000035b4    00000074     ti_msp_dl_config.o (.text.SYSCFG_DL_PWM_0_init)
                  00003628    00000070     ti_msp_dl_config.o (.text.SYSCFG_DL_PWM_1_init)
                  00003698    00000064     ti_msp_dl_config.o (.text.SYSCFG_DL_GPIO_init)
                  000036fc    00000060     ti_msp_dl_config.o (.text.SYSCFG_DL_UART_0_init)
                  0000375c    00000054     driverlib.a : dl_spi.o (.text.DL_SPI_fillTXFIFO8)
                  000037b0    00000054     ti_msp_dl_config.o (.text.SYSCFG_DL_initPower)
                  00003804    0000004c     ti_msp_dl_config.o (.text.SYSCFG_DL_SPI_0_init)
                  00003850    00000048     driverlib.a : dl_uart.o (.text.DL_UART_init)
                  00003898    00000044                 : dl_spi.o (.text.DL_SPI_init)
                  000038dc    00000040     ti_msp_dl_config.o (.text.SYSCFG_DL_init)
                  0000391c    00000040     libclang_rt.builtins.a : aeabi_uidivmod.S.obj (.text.__aeabi_uidivmod)
                  0000395c    0000003c     libc.a : autoinit.c.obj (.text:__TI_auto_init_nobinit_nopinit)
                  00003998    00000030     ti_msp_dl_config.o (.text.SYSCFG_DL_SYSCTL_init)
                  000039c8    00000028     libc.a : boot_cortex_m.c.obj (.text:_c_int00_noargs)
                  000039f0    0000001c     driverlib.a : dl_timer.o (.text.DL_Timer_setCaptCompUpdateMethod)
                  00003a0c    0000001c                 : dl_timer.o (.text.DL_Timer_setClockConfig)
                  00003a28    00000018                 : dl_timer.o (.text.DL_Timer_setCaptureCompareOutCtl)
                  00003a40    00000016     libc.a : copy_zero_init.c.obj (.text:decompress:ZI:__TI_zero_init_nomemset)
                  00003a56    00000012     driverlib.a : dl_spi.o (.text.DL_SPI_setClockConfig)
                  00003a68    00000012                 : dl_uart.o (.text.DL_UART_setClockConfig)
                  00003a7a    00000012     libc.a : copy_decompress_none.c.obj (.text:decompress:none)
                  00003a8c    00000010     driverlib.a : dl_timer.o (.text.DL_Timer_setCaptureCompareValue)
                  00003a9c    0000000a                 : dl_common.o (.text.DL_Common_delayCycles)
                  00003aa6    00000002     libclang_rt.builtins.a : aeabi_div0.c.obj (.text.__aeabi_idiv0)
                  00003aa8    00000008                            : aeabi_memcpy.S.obj (.text.__aeabi_memcpy)
                  00003ab0    00000006     libc.a : exit.c.obj (.text:abort)
                  00003ab6    00000004     libsysbm.a : hostexit.c.obj (.text.HOSTexit)
                  00003aba    00000004     startup_mspm0g350x_ticlang.o (.text.Reset_Handler)
                  00003abe    00000004     libc.a : pre_init.c.obj (.text._system_pre_init)
                  00003ac2    00000006     --HOLE-- [fill = 0]

.cinit     0    00003c58    00000030     
                  00003c58    0000000c     (__TI_handler_table)
                  00003c64    00000008     (.cinit..bss.load) [load image, compression = zero_init]
                  00003c6c    00000008     (.cinit..data.load) [load image, compression = lzss]
                  00003c74    00000010     (__TI_cinit_table)
                  00003c84    00000004     --HOLE-- [fill = 0]

.rodata    0    00003ac8    00000190     
                  00003ac8    000000a5     empty.o (.rodata.font5x7)
                  00003b6d    00000021     empty.o (.rodata.str1.150872071346279890.1)
                  00003b8e    00000013     empty.o (.rodata.str1.17669528882079347314.1)
                  00003ba1    00000012     empty.o (.rodata.str1.11898133897667081452.1)
                  00003bb3    00000010     empty.o (.rodata.str1.14685083708502177989.1)
                  00003bc3    0000000f     empty.o (.rodata.str1.7401042497206923953.1)
                  00003bd2    0000000e     empty.o (.rodata.str1.17686411042290499047.1)
                  00003be0    0000000a     ti_msp_dl_config.o (.rodata.gSPI_0_config)
                  00003bea    0000000a     ti_msp_dl_config.o (.rodata.gUART_0Config)
                  00003bf4    0000000a     empty.o (.rodata.str1.15706828512682300538.1)
                  00003bfe    00000002     ti_msp_dl_config.o (.rodata.gSPI_0_clockConfig)
                  00003c00    00000008     ti_msp_dl_config.o (.rodata.gPWM_0Config)
                  00003c08    00000008     ti_msp_dl_config.o (.rodata.gPWM_1Config)
                  00003c10    00000007     empty.o (.rodata.str1.2196762768037919588.1)
                  00003c17    00000006     empty.o (.rodata.str1.15170238581331914936.1)
                  00003c1d    00000006     empty.o (.rodata.str1.15486159998237592746.1)
                  00003c23    00000006     empty.o (.rodata.str1.5100843677217179155.1)
                  00003c29    00000006     empty.o (.rodata.str1.5792233746214848027.1)
                  00003c2f    00000006     empty.o (.rodata.str1.7079713434352825882.1)
                  00003c35    00000006     empty.o (.rodata.str1.9410084661655729462.1)
                  00003c3b    00000004     empty.o (.rodata.str1.15930989295766594416.1)
                  00003c3f    00000003     ti_msp_dl_config.o (.rodata.gPWM_0ClockConfig)
                  00003c42    00000003     ti_msp_dl_config.o (.rodata.gPWM_1ClockConfig)
                  00003c45    00000003     empty.o (.rodata.str1.11822412164550770238.1)
                  00003c48    00000003     empty.o (.rodata.str1.4000995719088696555.1)
                  00003c4b    00000003     empty.o (.rodata.str1.6969777895189110550.1)
                  00003c4e    00000003     empty.o (.rodata.str1.7386103758396746866.1)
                  00003c51    00000002     ti_msp_dl_config.o (.rodata.gUART_0ClockConfig)
                  00003c53    00000005     --HOLE-- [fill = 0]

.init_array 
*          0    00000000    00000000     UNINITIALIZED

.binit     0    00000000    00000000     

.bss       0    20200000    000001a0     UNINITIALIZED
                  20200000    000000bc     (.common:gPWM_0Backup)
                  202000bc    000000bc     (.common:gPWM_1Backup)
                  20200178    00000028     (.common:gSPI_0Backup)

.data      0    202001a0    00000004     UNINITIALIZED
                  202001a0    00000004     empty.o (.data.seed)

.stack     0    20207e00    00000200     UNINITIALIZED
                  20207e00    00000004     libc.a : boot_cortex_m.c.obj (.stack)
                  20207e04    000001fc     --HOLE--

__llvm_prf_cnts 
*          0    20200000    00000000     UNINITIALIZED

__llvm_prf_bits 
*          0    20200000    00000000     UNINITIALIZED

MODULE SUMMARY

       Module                         code    ro data   rw data
       ------                         ----    -------   -------
    .\
       empty.o                        13016   349       4      
       ti_msp_dl_config.o             696     46        416    
       startup_mspm0g350x_ticlang.o   6       192       0      
    +--+------------------------------+-------+---------+---------+
       Total:                         13718   587       420    
                                                               
    D:/mspm0_files/mspm0_sdk_2_07_00_05/source/ti/driverlib/lib/ticlang/m0p/mspm0g1x0x_g3x0x/driverlib.a
       dl_timer.o                     356     0         0      
       dl_spi.o                       170     0         0      
       dl_uart.o                      90      0         0      
       dl_common.o                    10      0         0      
    +--+------------------------------+-------+---------+---------+
       Total:                         626     0         0      
                                                               
    D:\mspm0_files\ccs\tools\compiler\ti-cgt-armllvm_4.0.4.LTS\lib\armv6m-ti-none-eabi/c/libc.a
       memcpy16.S.obj                 154     0         0      
       copy_decompress_lzss.c.obj     124     0         0      
       autoinit.c.obj                 60      0         0      
       boot_cortex_m.c.obj            40      0         0      
       copy_zero_init.c.obj           22      0         0      
       copy_decompress_none.c.obj     18      0         0      
       exit.c.obj                     6       0         0      
       pre_init.c.obj                 4       0         0      
    +--+------------------------------+-------+---------+---------+
       Total:                         428     0         0      
                                                               
    D:\mspm0_files\ccs\tools\compiler\ti-cgt-armllvm_4.0.4.LTS\lib\armv6m-ti-none-eabi/c/libsysbm.a
       hostexit.c.obj                 4       0         0      
    +--+------------------------------+-------+---------+---------+
       Total:                         4       0         0      
                                                               
    D:\mspm0_files\ccs\tools\compiler\ti-cgt-armllvm_4.0.4.LTS\lib\armv6m-ti-none-eabi/libclang_rt.builtins.a
       aeabi_uidivmod.S.obj           64      0         0      
       aeabi_memcpy.S.obj             8       0         0      
       aeabi_div0.c.obj               2       0         0      
    +--+------------------------------+-------+---------+---------+
       Total:                         74      0         0      
                                                               
       Stack:                         0       0         512    
       Linker Generated:              0       44        0      
    +--+------------------------------+-------+---------+---------+
       Grand Total:                   14850   631       932    


LINKER GENERATED COPY TABLES

__TI_cinit_table @ 00003c74 records: 2, size/record: 8, table size: 16
	.bss: load addr=00003c64, load size=00000008 bytes, run addr=20200000, run size=000001a0 bytes, compression=zero_init
	.data: load addr=00003c6c, load size=00000008 bytes, run addr=202001a0, run size=00000004 bytes, compression=lzss


LINKER GENERATED HANDLER TABLE

__TI_handler_table @ 00003c58 records: 3, size/record: 4, table size: 12
	index: 0, handler: __TI_decompress_lzss
	index: 1, handler: __TI_decompress_none
	index: 2, handler: __TI_zero_init


GLOBAL SYMBOLS: SORTED ALPHABETICALLY BY Name 

address   name                            
-------   ----                            
00003537  ADC0_IRQHandler                 
00003537  ADC1_IRQHandler                 
00003537  AES_IRQHandler                  
00003ab6  C$$EXIT                         
00003537  CANFD0_IRQHandler               
00003537  DAC0_IRQHandler                 
00003a9d  DL_Common_delayCycles           
0000375d  DL_SPI_fillTXFIFO8              
00003899  DL_SPI_init                     
00003a57  DL_SPI_setClockConfig           
00003399  DL_Timer_initFourCCPWMMode      
000039f1  DL_Timer_setCaptCompUpdateMethod
00003a29  DL_Timer_setCaptureCompareOutCtl
00003a8d  DL_Timer_setCaptureCompareValue 
00003a0d  DL_Timer_setClockConfig         
00003851  DL_UART_init                    
00003a69  DL_UART_setClockConfig          
00003537  DMA_IRQHandler                  
00003537  Default_Handler                 
00003537  GROUP0_IRQHandler               
00003537  GROUP1_IRQHandler               
00003ab7  HOSTexit                        
00003537  HardFault_Handler               
00003537  I2C0_IRQHandler                 
00003537  I2C1_IRQHandler                 
00003537  NMI_Handler                     
00003537  PendSV_Handler                  
00003537  RTC_IRQHandler                  
00003abb  Reset_Handler                   
00003537  SPI0_IRQHandler                 
00003537  SPI1_IRQHandler                 
00003537  SVC_Handler                     
00003699  SYSCFG_DL_GPIO_init             
000035b5  SYSCFG_DL_PWM_0_init            
00003629  SYSCFG_DL_PWM_1_init            
00003805  SYSCFG_DL_SPI_0_init            
00003999  SYSCFG_DL_SYSCTL_init           
000036fd  SYSCFG_DL_UART_0_init           
000038dd  SYSCFG_DL_init                  
000037b1  SYSCFG_DL_initPower             
00003537  SysTick_Handler                 
00003537  TIMA0_IRQHandler                
00003537  TIMA1_IRQHandler                
00003537  TIMG0_IRQHandler                
00003537  TIMG12_IRQHandler               
00003537  TIMG6_IRQHandler                
00003537  TIMG7_IRQHandler                
00003537  TIMG8_IRQHandler                
00003537  UART0_IRQHandler                
00003537  UART1_IRQHandler                
00003537  UART2_IRQHandler                
00003537  UART3_IRQHandler                
20208000  __STACK_END                     
00000200  __STACK_SIZE                    
00000000  __TI_ATRegion0_region_sz        
00000000  __TI_ATRegion0_src_addr         
00000000  __TI_ATRegion0_trg_addr         
00000000  __TI_ATRegion1_region_sz        
00000000  __TI_ATRegion1_src_addr         
00000000  __TI_ATRegion1_trg_addr         
00000000  __TI_ATRegion2_region_sz        
00000000  __TI_ATRegion2_src_addr         
00000000  __TI_ATRegion2_trg_addr         
00003c74  __TI_CINIT_Base                 
00003c84  __TI_CINIT_Limit                
00003c84  __TI_CINIT_Warm                 
00003c58  __TI_Handler_Table_Base         
00003c64  __TI_Handler_Table_Limit        
0000395d  __TI_auto_init_nobinit_nopinit  
00003539  __TI_decompress_lzss            
00003a7b  __TI_decompress_none            
ffffffff  __TI_pprof_out_hndl             
ffffffff  __TI_prof_data_size             
ffffffff  __TI_prof_data_start            
00000000  __TI_static_base__              
00003a41  __TI_zero_init_nomemset         
00003aa7  __aeabi_idiv0                   
00003aa9  __aeabi_memcpy                  
00003aa9  __aeabi_memcpy4                 
00003aa9  __aeabi_memcpy8                 
0000391d  __aeabi_uidiv                   
0000391d  __aeabi_uidivmod                
ffffffff  __binit__                       
UNDEFED   __mpu_init                      
20207e00  __stack                         
20200000  __start___llvm_prf_bits         
20200000  __start___llvm_prf_cnts         
20200000  __stop___llvm_prf_bits          
20200000  __stop___llvm_prf_cnts          
000039c9  _c_int00_noargs                 
UNDEFED   _system_post_cinit              
00003abf  _system_pre_init                
00003ab1  abort                           
ffffffff  binit                           
20200000  gPWM_0Backup                    
202000bc  gPWM_1Backup                    
20200178  gSPI_0Backup                    
00000000  interruptVectors                
00001ce9  main                            
0000349d  memcpy                          
202001a0  seed                            
000025cd  send_sensor_data                


GLOBAL SYMBOLS: SORTED BY Symbol Address 

address   name                            
-------   ----                            
00000000  __TI_ATRegion0_region_sz        
00000000  __TI_ATRegion0_src_addr         
00000000  __TI_ATRegion0_trg_addr         
00000000  __TI_ATRegion1_region_sz        
00000000  __TI_ATRegion1_src_addr         
00000000  __TI_ATRegion1_trg_addr         
00000000  __TI_ATRegion2_region_sz        
00000000  __TI_ATRegion2_src_addr         
00000000  __TI_ATRegion2_trg_addr         
00000000  __TI_static_base__              
00000000  interruptVectors                
00000200  __STACK_SIZE                    
00001ce9  main                            
000025cd  send_sensor_data                
00003399  DL_Timer_initFourCCPWMMode      
0000349d  memcpy                          
00003537  ADC0_IRQHandler                 
00003537  ADC1_IRQHandler                 
00003537  AES_IRQHandler                  
00003537  CANFD0_IRQHandler               
00003537  DAC0_IRQHandler                 
00003537  DMA_IRQHandler                  
00003537  Default_Handler                 
00003537  GROUP0_IRQHandler               
00003537  GROUP1_IRQHandler               
00003537  HardFault_Handler               
00003537  I2C0_IRQHandler                 
00003537  I2C1_IRQHandler                 
00003537  NMI_Handler                     
00003537  PendSV_Handler                  
00003537  RTC_IRQHandler                  
00003537  SPI0_IRQHandler                 
00003537  SPI1_IRQHandler                 
00003537  SVC_Handler                     
00003537  SysTick_Handler                 
00003537  TIMA0_IRQHandler                
00003537  TIMA1_IRQHandler                
00003537  TIMG0_IRQHandler                
00003537  TIMG12_IRQHandler               
00003537  TIMG6_IRQHandler                
00003537  TIMG7_IRQHandler                
00003537  TIMG8_IRQHandler                
00003537  UART0_IRQHandler                
00003537  UART1_IRQHandler                
00003537  UART2_IRQHandler                
00003537  UART3_IRQHandler                
00003539  __TI_decompress_lzss            
000035b5  SYSCFG_DL_PWM_0_init            
00003629  SYSCFG_DL_PWM_1_init            
00003699  SYSCFG_DL_GPIO_init             
000036fd  SYSCFG_DL_UART_0_init           
0000375d  DL_SPI_fillTXFIFO8              
000037b1  SYSCFG_DL_initPower             
00003805  SYSCFG_DL_SPI_0_init            
00003851  DL_UART_init                    
00003899  DL_SPI_init                     
000038dd  SYSCFG_DL_init                  
0000391d  __aeabi_uidiv                   
0000391d  __aeabi_uidivmod                
0000395d  __TI_auto_init_nobinit_nopinit  
00003999  SYSCFG_DL_SYSCTL_init           
000039c9  _c_int00_noargs                 
000039f1  DL_Timer_setCaptCompUpdateMethod
00003a0d  DL_Timer_setClockConfig         
00003a29  DL_Timer_setCaptureCompareOutCtl
00003a41  __TI_zero_init_nomemset         
00003a57  DL_SPI_setClockConfig           
00003a69  DL_UART_setClockConfig          
00003a7b  __TI_decompress_none            
00003a8d  DL_Timer_setCaptureCompareValue 
00003a9d  DL_Common_delayCycles           
00003aa7  __aeabi_idiv0                   
00003aa9  __aeabi_memcpy                  
00003aa9  __aeabi_memcpy4                 
00003aa9  __aeabi_memcpy8                 
00003ab1  abort                           
00003ab6  C$$EXIT                         
00003ab7  HOSTexit                        
00003abb  Reset_Handler                   
00003abf  _system_pre_init                
00003c58  __TI_Handler_Table_Base         
00003c64  __TI_Handler_Table_Limit        
00003c74  __TI_CINIT_Base                 
00003c84  __TI_CINIT_Limit                
00003c84  __TI_CINIT_Warm                 
20200000  __start___llvm_prf_bits         
20200000  __start___llvm_prf_cnts         
20200000  __stop___llvm_prf_bits          
20200000  __stop___llvm_prf_cnts          
20200000  gPWM_0Backup                    
202000bc  gPWM_1Backup                    
20200178  gSPI_0Backup                    
202001a0  seed                            
20207e00  __stack                         
20208000  __STACK_END                     
ffffffff  __TI_pprof_out_hndl             
ffffffff  __TI_prof_data_size             
ffffffff  __TI_prof_data_start            
ffffffff  __binit__                       
ffffffff  binit                           
UNDEFED   __mpu_init                      
UNDEFED   _system_post_cinit              

[102 symbols]
