******************************************************************************
            TI ARM Clang Linker PC v4.0.4                      
******************************************************************************
>> Linked Fri Jan  9 19:50:44 2026

OUTPUT FILE NAME:   <gpio_input_capture_LP_MSPM0G3507_nortos_ticlang.out>
ENTRY POINT SYMBOL: "_c_int00_noinit_noargs"  address: 00000191


MEMORY CONFIGURATION

         name            origin    length      used     unused   attr    fill
----------------------  --------  ---------  --------  --------  ----  --------
  FLASH                 00000000   00020000  000001f8  0001fe08  R  X
  SRAM                  20200000   00008000  00000200  00007e00  RW X
  BCR_CONFIG            41c00000   000000ff  00000000  000000ff  R   
  BSL_CONFIG            41c00100   00000080  00000000  00000080  R   


SEGMENT ALLOCATION MAP

run origin  load origin   length   init length attrs members
----------  ----------- ---------- ----------- ----- -------
00000000    00000000    000001f8   000001f8    r-x
  00000000    00000000    000000c0   000000c0    r-- .intvecs
  000000c0    000000c0    00000138   00000138    r-x .text
20207e00    20207e00    00000200   00000000    rw-
  20207e00    20207e00    00000200   00000000    rw- .stack


SECTION ALLOCATION MAP

 output                                  attributes/
section   page    origin      length       input sections
--------  ----  ----------  ----------   ----------------
.intvecs   0    00000000    000000c0     
                  00000000    000000c0     startup_mspm0g350x_ticlang.o (.intvecs)

.text      0    000000c0    00000138     
                  000000c0    0000004c     ti_msp_dl_config.o (.text.SYSCFG_DL_GPIO_init)
                  0000010c    00000030     ti_msp_dl_config.o (.text.SYSCFG_DL_SYSCTL_init)
                  0000013c    0000002c     ti_msp_dl_config.o (.text.SYSCFG_DL_initPower)
                  00000168    00000028     gpio_input_capture.o (.text.GROUP1_IRQHandler)
                  00000190    00000020     libc.a : boot_cortex_m.c.obj (.text:_c_int00_noinit_noargs)
                  000001b0    00000018     gpio_input_capture.o (.text.main)
                  000001c8    00000010     ti_msp_dl_config.o (.text.SYSCFG_DL_init)
                  000001d8    0000000a     driverlib.a : dl_common.o (.text.DL_Common_delayCycles)
                  000001e2    00000006     libc.a : exit.c.obj (.text:abort)
                  000001e8    00000004     libsysbm.a : hostexit.c.obj (.text.HOSTexit)
                  000001ec    00000004     startup_mspm0g350x_ticlang.o (.text.Reset_Handler)
                  000001f0    00000004     libc.a : pre_init.c.obj (.text._system_pre_init)
                  000001f4    00000002     startup_mspm0g350x_ticlang.o (.text.Default_Handler)
                  000001f6    00000002     --HOLE-- [fill = 0]

.cinit     0    00000000    00000000     

.init_array 
*          0    00000000    00000000     UNINITIALIZED

.binit     0    00000000    00000000     

.stack     0    20207e00    00000200     UNINITIALIZED
                  20207e00    00000004     libc.a : boot_cortex_m.c.obj (.stack)
                  20207e04    000001fc     --HOLE--

__llvm_prf_cnts 
*          0    20200000    00000000     UNINITIALIZED

__llvm_prf_bits 
*          0    20200000    00000000     UNINITIALIZED

MODULE SUMMARY

       Module                         code   ro data   rw data
       ------                         ----   -------   -------
    .\
       startup_mspm0g350x_ticlang.o   6      192       0      
       ti_msp_dl_config.o             184    0         0      
       gpio_input_capture.o           64     0         0      
    +--+------------------------------+------+---------+---------+
       Total:                         254    192       0      
                                                              
    D:/mspm0_files/mspm0_sdk_2_07_00_05/source/ti/driverlib/lib/ticlang/m0p/mspm0g1x0x_g3x0x/driverlib.a
       dl_common.o                    10     0         0      
    +--+------------------------------+------+---------+---------+
       Total:                         10     0         0      
                                                              
    D:\mspm0_files\ccs\tools\compiler\ti-cgt-armllvm_4.0.4.LTS\lib\armv6m-ti-none-eabi/c/libc.a
       boot_cortex_m.c.obj            32     0         0      
       exit.c.obj                     6      0         0      
       pre_init.c.obj                 4      0         0      
    +--+------------------------------+------+---------+---------+
       Total:                         42     0         0      
                                                              
    D:\mspm0_files\ccs\tools\compiler\ti-cgt-armllvm_4.0.4.LTS\lib\armv6m-ti-none-eabi/c/libsysbm.a
       hostexit.c.obj                 4      0         0      
    +--+------------------------------+------+---------+---------+
       Total:                         4      0         0      
                                                              
       Stack:                         0      0         512    
    +--+------------------------------+------+---------+---------+
       Grand Total:                   310    192       512    


GLOBAL SYMBOLS: SORTED ALPHABETICALLY BY Name 

address   name                    
-------   ----                    
000001f5  ADC0_IRQHandler         
000001f5  ADC1_IRQHandler         
000001f5  AES_IRQHandler          
000001e8  C$$EXIT                 
000001f5  CANFD0_IRQHandler       
000001f5  DAC0_IRQHandler         
000001d9  DL_Common_delayCycles   
000001f5  DMA_IRQHandler          
000001f5  Default_Handler         
000001f5  GROUP0_IRQHandler       
00000169  GROUP1_IRQHandler       
000001e9  HOSTexit                
000001f5  HardFault_Handler       
000001f5  I2C0_IRQHandler         
000001f5  I2C1_IRQHandler         
000001f5  NMI_Handler             
000001f5  PendSV_Handler          
000001f5  RTC_IRQHandler          
000001ed  Reset_Handler           
000001f5  SPI0_IRQHandler         
000001f5  SPI1_IRQHandler         
000001f5  SVC_Handler             
000000c1  SYSCFG_DL_GPIO_init     
0000010d  SYSCFG_DL_SYSCTL_init   
000001c9  SYSCFG_DL_init          
0000013d  SYSCFG_DL_initPower     
000001f5  SysTick_Handler         
000001f5  TIMA0_IRQHandler        
000001f5  TIMA1_IRQHandler        
000001f5  TIMG0_IRQHandler        
000001f5  TIMG12_IRQHandler       
000001f5  TIMG6_IRQHandler        
000001f5  TIMG7_IRQHandler        
000001f5  TIMG8_IRQHandler        
000001f5  UART0_IRQHandler        
000001f5  UART1_IRQHandler        
000001f5  UART2_IRQHandler        
000001f5  UART3_IRQHandler        
20208000  __STACK_END             
00000200  __STACK_SIZE            
00000000  __TI_ATRegion0_region_sz
00000000  __TI_ATRegion0_src_addr 
00000000  __TI_ATRegion0_trg_addr 
00000000  __TI_ATRegion1_region_sz
00000000  __TI_ATRegion1_src_addr 
00000000  __TI_ATRegion1_trg_addr 
00000000  __TI_ATRegion2_region_sz
00000000  __TI_ATRegion2_src_addr 
00000000  __TI_ATRegion2_trg_addr 
00000000  __TI_CINIT_Base         
00000000  __TI_CINIT_Limit        
00000000  __TI_CINIT_Warm         
ffffffff  __TI_pprof_out_hndl     
ffffffff  __TI_prof_data_size     
ffffffff  __TI_prof_data_start    
00000000  __TI_static_base__      
ffffffff  __binit__               
UNDEFED   __mpu_init              
20207e00  __stack                 
20200000  __start___llvm_prf_bits 
20200000  __start___llvm_prf_cnts 
20200000  __stop___llvm_prf_bits  
20200000  __stop___llvm_prf_cnts  
00000191  _c_int00_noinit_noargs  
000001f1  _system_pre_init        
000001e3  abort                   
ffffffff  binit                   
00000000  interruptVectors        
000001b1  main                    


GLOBAL SYMBOLS: SORTED BY Symbol Address 

address   name                    
-------   ----                    
00000000  __TI_ATRegion0_region_sz
00000000  __TI_ATRegion0_src_addr 
00000000  __TI_ATRegion0_trg_addr 
00000000  __TI_ATRegion1_region_sz
00000000  __TI_ATRegion1_src_addr 
00000000  __TI_ATRegion1_trg_addr 
00000000  __TI_ATRegion2_region_sz
00000000  __TI_ATRegion2_src_addr 
00000000  __TI_ATRegion2_trg_addr 
00000000  __TI_CINIT_Base         
00000000  __TI_CINIT_Limit        
00000000  __TI_CINIT_Warm         
00000000  __TI_static_base__      
00000000  interruptVectors        
000000c1  SYSCFG_DL_GPIO_init     
0000010d  SYSCFG_DL_SYSCTL_init   
0000013d  SYSCFG_DL_initPower     
00000169  GROUP1_IRQHandler       
00000191  _c_int00_noinit_noargs  
000001b1  main                    
000001c9  SYSCFG_DL_init          
000001d9  DL_Common_delayCycles   
000001e3  abort                   
000001e8  C$$EXIT                 
000001e9  HOSTexit                
000001ed  Reset_Handler           
000001f1  _system_pre_init        
000001f5  ADC0_IRQHandler         
000001f5  ADC1_IRQHandler         
000001f5  AES_IRQHandler          
000001f5  CANFD0_IRQHandler       
000001f5  DAC0_IRQHandler         
000001f5  DMA_IRQHandler          
000001f5  Default_Handler         
000001f5  GROUP0_IRQHandler       
000001f5  HardFault_Handler       
000001f5  I2C0_IRQHandler         
000001f5  I2C1_IRQHandler         
000001f5  NMI_Handler             
000001f5  PendSV_Handler          
000001f5  RTC_IRQHandler          
000001f5  SPI0_IRQHandler         
000001f5  SPI1_IRQHandler         
000001f5  SVC_Handler             
000001f5  SysTick_Handler         
000001f5  TIMA0_IRQHandler        
000001f5  TIMA1_IRQHandler        
000001f5  TIMG0_IRQHandler        
000001f5  TIMG12_IRQHandler       
000001f5  TIMG6_IRQHandler        
000001f5  TIMG7_IRQHandler        
000001f5  TIMG8_IRQHandler        
000001f5  UART0_IRQHandler        
000001f5  UART1_IRQHandler        
000001f5  UART2_IRQHandler        
000001f5  UART3_IRQHandler        
00000200  __STACK_SIZE            
20200000  __start___llvm_prf_bits 
20200000  __start___llvm_prf_cnts 
20200000  __stop___llvm_prf_bits  
20200000  __stop___llvm_prf_cnts  
20207e00  __stack                 
20208000  __STACK_END             
ffffffff  __TI_pprof_out_hndl     
ffffffff  __TI_prof_data_size     
ffffffff  __TI_prof_data_start    
ffffffff  __binit__               
ffffffff  binit                   
UNDEFED   __mpu_init              

[69 symbols]
