******************************************************************************
            TI ARM Clang Linker PC v4.0.4                      
******************************************************************************
>> Linked Thu Dec 11 23:16:31 2025

OUTPUT FILE NAME:   <adc12_single_conversion_LP_MSPM0G3507_nortos_ticlang.out>
ENTRY POINT SYMBOL: "_c_int00_noargs"  address: 0000025d


MEMORY CONFIGURATION

         name            origin    length      used     unused   attr    fill
----------------------  --------  ---------  --------  --------  ----  --------
  FLASH                 00000000   00020000  00000320  0001fce0  R  X
  SRAM                  20200000   00008000  00000203  00007dfd  RW X
  BCR_CONFIG            41c00000   000000ff  00000000  000000ff  R   
  BSL_CONFIG            41c00100   00000080  00000000  00000080  R   


SEGMENT ALLOCATION MAP

run origin  load origin   length   init length attrs members
----------  ----------- ---------- ----------- ----- -------
00000000    00000000    00000320   00000320    r-x
  00000000    00000000    000000c0   000000c0    r-- .intvecs
  000000c0    000000c0    00000240   00000240    r-x .text
  00000300    00000300    00000008   00000008    r-- .rodata
  00000308    00000308    00000018   00000018    r-- .cinit
20200000    20200000    00000003   00000000    rw-
  20200000    20200000    00000003   00000000    rw- .bss
20207e00    20207e00    00000200   00000000    rw-
  20207e00    20207e00    00000200   00000000    rw- .stack


SECTION ALLOCATION MAP

 output                                  attributes/
section   page    origin      length       input sections
--------  ----  ----------  ----------   ----------------
.intvecs   0    00000000    000000c0     
                  00000000    000000c0     startup_mspm0g350x_ticlang.o (.intvecs)

.text      0    000000c0    00000240     
                  000000c0    00000070     adc12_single_conversion.o (.text.main)
                  00000130    0000004c     ti_msp_dl_config.o (.text.SYSCFG_DL_ADC12_0_init)
                  0000017c    00000040     driverlib.a : dl_adc12.o (.text.DL_ADC12_setClockConfig)
                  000001bc    0000003c     libc.a : autoinit.c.obj (.text:__TI_auto_init_nobinit_nopinit)
                  000001f8    00000034     ti_msp_dl_config.o (.text.SYSCFG_DL_initPower)
                  0000022c    00000030     ti_msp_dl_config.o (.text.SYSCFG_DL_SYSCTL_init)
                  0000025c    00000028     libc.a : boot_cortex_m.c.obj (.text:_c_int00_noargs)
                  00000284    0000001c     adc12_single_conversion.o (.text.ADC0_IRQHandler)
                  000002a0    00000018     ti_msp_dl_config.o (.text.SYSCFG_DL_GPIO_init)
                  000002b8    00000016     libc.a : copy_zero_init.c.obj (.text:decompress:ZI:__TI_zero_init_nomemset)
                  000002ce    00000014     ti_msp_dl_config.o (.text.SYSCFG_DL_init)
                  000002e2    0000000a     driverlib.a : dl_common.o (.text.DL_Common_delayCycles)
                  000002ec    00000006     libc.a : exit.c.obj (.text:abort)
                  000002f2    00000004     libsysbm.a : hostexit.c.obj (.text.HOSTexit)
                  000002f6    00000004     startup_mspm0g350x_ticlang.o (.text.Reset_Handler)
                  000002fa    00000004     libc.a : pre_init.c.obj (.text._system_pre_init)
                  000002fe    00000002     startup_mspm0g350x_ticlang.o (.text.Default_Handler)

.cinit     0    00000308    00000018     
                  00000308    00000008     (.cinit..bss.load) [load image, compression = zero_init]
                  00000310    00000004     (__TI_handler_table)
                  00000314    00000008     (__TI_cinit_table)
                  0000031c    00000004     --HOLE-- [fill = 0]

.rodata    0    00000300    00000008     
                  00000300    00000008     ti_msp_dl_config.o (.rodata.gADC12_0ClockConfig)

.init_array 
*          0    00000000    00000000     UNINITIALIZED

.binit     0    00000000    00000000     

.bss       0    20200000    00000003     UNINITIALIZED
                  20200000    00000002     (.common:gAdcResult)
                  20200002    00000001     (.common:gCheckADC)

.stack     0    20207e00    00000200     UNINITIALIZED
                  20207e00    00000004     libc.a : boot_cortex_m.c.obj (.stack)
                  20207e04    000001fc     --HOLE--

__llvm_prf_cnts 
*          0    20200000    00000000     UNINITIALIZED

__llvm_prf_bits 
*          0    20200000    00000000     UNINITIALIZED

MODULE SUMMARY

       Module                         code   ro data   rw data
       ------                         ----   -------   -------
    .\
       ti_msp_dl_config.o             220    8         0      
       startup_mspm0g350x_ticlang.o   6      192       0      
       adc12_single_conversion.o      140    0         3      
    +--+------------------------------+------+---------+---------+
       Total:                         366    200       3      
                                                              
    D:/mspm0_files/mspm0_sdk_2_07_00_05/source/ti/driverlib/lib/ticlang/m0p/mspm0g1x0x_g3x0x/driverlib.a
       dl_adc12.o                     64     0         0      
       dl_common.o                    10     0         0      
    +--+------------------------------+------+---------+---------+
       Total:                         74     0         0      
                                                              
    D:\mspm0_files\ccs\tools\compiler\ti-cgt-armllvm_4.0.4.LTS\lib\armv6m-ti-none-eabi/c/libc.a
       autoinit.c.obj                 60     0         0      
       boot_cortex_m.c.obj            40     0         0      
       copy_zero_init.c.obj           22     0         0      
       exit.c.obj                     6      0         0      
       pre_init.c.obj                 4      0         0      
    +--+------------------------------+------+---------+---------+
       Total:                         132    0         0      
                                                              
    D:\mspm0_files\ccs\tools\compiler\ti-cgt-armllvm_4.0.4.LTS\lib\armv6m-ti-none-eabi/c/libsysbm.a
       hostexit.c.obj                 4      0         0      
    +--+------------------------------+------+---------+---------+
       Total:                         4      0         0      
                                                              
       Stack:                         0      0         512    
       Linker Generated:              0      20        0      
    +--+------------------------------+------+---------+---------+
       Grand Total:                   576    220       515    


LINKER GENERATED COPY TABLES

__TI_cinit_table @ 00000314 records: 1, size/record: 8, table size: 8
	.bss: load addr=00000308, load size=00000008 bytes, run addr=20200000, run size=00000003 bytes, compression=zero_init


LINKER GENERATED HANDLER TABLE

__TI_handler_table @ 00000310 records: 1, size/record: 4, table size: 4
	index: 0, handler: __TI_zero_init


GLOBAL SYMBOLS: SORTED ALPHABETICALLY BY Name 

address   name                          
-------   ----                          
00000285  ADC0_IRQHandler               
000002ff  ADC1_IRQHandler               
000002ff  AES_IRQHandler                
000002f2  C$$EXIT                       
000002ff  CANFD0_IRQHandler             
000002ff  DAC0_IRQHandler               
0000017d  DL_ADC12_setClockConfig       
000002e3  DL_Common_delayCycles         
000002ff  DMA_IRQHandler                
000002ff  Default_Handler               
000002ff  GROUP0_IRQHandler             
000002ff  GROUP1_IRQHandler             
000002f3  HOSTexit                      
000002ff  HardFault_Handler             
000002ff  I2C0_IRQHandler               
000002ff  I2C1_IRQHandler               
000002ff  NMI_Handler                   
000002ff  PendSV_Handler                
000002ff  RTC_IRQHandler                
000002f7  Reset_Handler                 
000002ff  SPI0_IRQHandler               
000002ff  SPI1_IRQHandler               
000002ff  SVC_Handler                   
00000131  SYSCFG_DL_ADC12_0_init        
000002a1  SYSCFG_DL_GPIO_init           
0000022d  SYSCFG_DL_SYSCTL_init         
000002cf  SYSCFG_DL_init                
000001f9  SYSCFG_DL_initPower           
000002ff  SysTick_Handler               
000002ff  TIMA0_IRQHandler              
000002ff  TIMA1_IRQHandler              
000002ff  TIMG0_IRQHandler              
000002ff  TIMG12_IRQHandler             
000002ff  TIMG6_IRQHandler              
000002ff  TIMG7_IRQHandler              
000002ff  TIMG8_IRQHandler              
000002ff  UART0_IRQHandler              
000002ff  UART1_IRQHandler              
000002ff  UART2_IRQHandler              
000002ff  UART3_IRQHandler              
20208000  __STACK_END                   
00000200  __STACK_SIZE                  
00000000  __TI_ATRegion0_region_sz      
00000000  __TI_ATRegion0_src_addr       
00000000  __TI_ATRegion0_trg_addr       
00000000  __TI_ATRegion1_region_sz      
00000000  __TI_ATRegion1_src_addr       
00000000  __TI_ATRegion1_trg_addr       
00000000  __TI_ATRegion2_region_sz      
00000000  __TI_ATRegion2_src_addr       
00000000  __TI_ATRegion2_trg_addr       
00000314  __TI_CINIT_Base               
0000031c  __TI_CINIT_Limit              
0000031c  __TI_CINIT_Warm               
00000310  __TI_Handler_Table_Base       
00000314  __TI_Handler_Table_Limit      
000001bd  __TI_auto_init_nobinit_nopinit
ffffffff  __TI_pprof_out_hndl           
ffffffff  __TI_prof_data_size           
ffffffff  __TI_prof_data_start          
00000000  __TI_static_base__            
000002b9  __TI_zero_init_nomemset       
ffffffff  __binit__                     
UNDEFED   __mpu_init                    
20207e00  __stack                       
20200000  __start___llvm_prf_bits       
20200000  __start___llvm_prf_cnts       
20200000  __stop___llvm_prf_bits        
20200000  __stop___llvm_prf_cnts        
0000025d  _c_int00_noargs               
UNDEFED   _system_post_cinit            
000002fb  _system_pre_init              
000002ed  abort                         
ffffffff  binit                         
20200000  gAdcResult                    
20200002  gCheckADC                     
00000000  interruptVectors              
000000c1  main                          


GLOBAL SYMBOLS: SORTED BY Symbol Address 

address   name                          
-------   ----                          
00000000  __TI_ATRegion0_region_sz      
00000000  __TI_ATRegion0_src_addr       
00000000  __TI_ATRegion0_trg_addr       
00000000  __TI_ATRegion1_region_sz      
00000000  __TI_ATRegion1_src_addr       
00000000  __TI_ATRegion1_trg_addr       
00000000  __TI_ATRegion2_region_sz      
00000000  __TI_ATRegion2_src_addr       
00000000  __TI_ATRegion2_trg_addr       
00000000  __TI_static_base__            
00000000  interruptVectors              
000000c1  main                          
00000131  SYSCFG_DL_ADC12_0_init        
0000017d  DL_ADC12_setClockConfig       
000001bd  __TI_auto_init_nobinit_nopinit
000001f9  SYSCFG_DL_initPower           
00000200  __STACK_SIZE                  
0000022d  SYSCFG_DL_SYSCTL_init         
0000025d  _c_int00_noargs               
00000285  ADC0_IRQHandler               
000002a1  SYSCFG_DL_GPIO_init           
000002b9  __TI_zero_init_nomemset       
000002cf  SYSCFG_DL_init                
000002e3  DL_Common_delayCycles         
000002ed  abort                         
000002f2  C$$EXIT                       
000002f3  HOSTexit                      
000002f7  Reset_Handler                 
000002fb  _system_pre_init              
000002ff  ADC1_IRQHandler               
000002ff  AES_IRQHandler                
000002ff  CANFD0_IRQHandler             
000002ff  DAC0_IRQHandler               
000002ff  DMA_IRQHandler                
000002ff  Default_Handler               
000002ff  GROUP0_IRQHandler             
000002ff  GROUP1_IRQHandler             
000002ff  HardFault_Handler             
000002ff  I2C0_IRQHandler               
000002ff  I2C1_IRQHandler               
000002ff  NMI_Handler                   
000002ff  PendSV_Handler                
000002ff  RTC_IRQHandler                
000002ff  SPI0_IRQHandler               
000002ff  SPI1_IRQHandler               
000002ff  SVC_Handler                   
000002ff  SysTick_Handler               
000002ff  TIMA0_IRQHandler              
000002ff  TIMA1_IRQHandler              
000002ff  TIMG0_IRQHandler              
000002ff  TIMG12_IRQHandler             
000002ff  TIMG6_IRQHandler              
000002ff  TIMG7_IRQHandler              
000002ff  TIMG8_IRQHandler              
000002ff  UART0_IRQHandler              
000002ff  UART1_IRQHandler              
000002ff  UART2_IRQHandler              
000002ff  UART3_IRQHandler              
00000310  __TI_Handler_Table_Base       
00000314  __TI_CINIT_Base               
00000314  __TI_Handler_Table_Limit      
0000031c  __TI_CINIT_Limit              
0000031c  __TI_CINIT_Warm               
20200000  __start___llvm_prf_bits       
20200000  __start___llvm_prf_cnts       
20200000  __stop___llvm_prf_bits        
20200000  __stop___llvm_prf_cnts        
20200000  gAdcResult                    
20200002  gCheckADC                     
20207e00  __stack                       
20208000  __STACK_END                   
ffffffff  __TI_pprof_out_hndl           
ffffffff  __TI_prof_data_size           
ffffffff  __TI_prof_data_start          
ffffffff  __binit__                     
ffffffff  binit                         
UNDEFED   __mpu_init                    
UNDEFED   _system_post_cinit            

[78 symbols]
